Archive member included to satisfy reference by file (symbol)

/usr/lib/gcc/arm-none-eabi/10.3.1/../../../arm-none-eabi/lib/thumb/v7-m/nofp/libc.a(lib_a-memcpy.o)
                              rtos/queue.o (memcpy)
/mnt/c/Users/Formulatrix/Documents/PyRepo/stm32f1//rtos/libwwg/libwwg.a(usbcdc.o)
                              main.o (usb_start)
/mnt/c/Users/Formulatrix/Documents/PyRepo/stm32f1//rtos/libwwg/libwwg.a(miniprintf.o)
                              /mnt/c/Users/Formulatrix/Documents/PyRepo/stm32f1//rtos/libwwg/libwwg.a(usbcdc.o) (mini_vprintf_cooked)
/mnt/c/Users/Formulatrix/Documents/PyRepo/stm32f1//rtos/libwwg/libwwg.a(mcuio.o)
                              main.o (std_printf)
/mnt/c/Users/Formulatrix/Documents/PyRepo/stm32f1//rtos/libwwg/libwwg.a(getline.o)
                              /mnt/c/Users/Formulatrix/Documents/PyRepo/stm32f1//rtos/libwwg/libwwg.a(usbcdc.o) (getline)
/mnt/c/Users/Formulatrix/Documents/PyRepo/stm32f1//rtos/libwwg/libwwg.a(uartlib.o)
                              /mnt/c/Users/Formulatrix/Documents/PyRepo/stm32f1//rtos/libwwg/libwwg.a(mcuio.o) (uart1_putc)
/mnt/c/Users/Formulatrix/Documents/PyRepo/stm32f1/libopencm3/lib/libopencm3_stm32f1.a(gpio.o)
                              main.o (gpio_set_mode)
/mnt/c/Users/Formulatrix/Documents/PyRepo/stm32f1/libopencm3/lib/libopencm3_stm32f1.a(gpio_common_all.o)
                              main.o (gpio_toggle)
/mnt/c/Users/Formulatrix/Documents/PyRepo/stm32f1/libopencm3/lib/libopencm3_stm32f1.a(rcc.o)
                              main.o (rcc_clock_setup_in_hse_8mhz_out_72mhz)
/mnt/c/Users/Formulatrix/Documents/PyRepo/stm32f1/libopencm3/lib/libopencm3_stm32f1.a(rcc_common_all.o)
                              main.o (rcc_periph_clock_enable)
/mnt/c/Users/Formulatrix/Documents/PyRepo/stm32f1/libopencm3/lib/libopencm3_stm32f1.a(usart_common_all.o)
                              /mnt/c/Users/Formulatrix/Documents/PyRepo/stm32f1//rtos/libwwg/libwwg.a(uartlib.o) (usart_set_baudrate)
/mnt/c/Users/Formulatrix/Documents/PyRepo/stm32f1/libopencm3/lib/libopencm3_stm32f1.a(usart_common_f124.o)
                              /mnt/c/Users/Formulatrix/Documents/PyRepo/stm32f1/libopencm3/lib/libopencm3_stm32f1.a(usart_common_all.o) (usart_send)
/mnt/c/Users/Formulatrix/Documents/PyRepo/stm32f1/libopencm3/lib/libopencm3_stm32f1.a(usb.o)
                              /mnt/c/Users/Formulatrix/Documents/PyRepo/stm32f1//rtos/libwwg/libwwg.a(usbcdc.o) (usbd_init)
/mnt/c/Users/Formulatrix/Documents/PyRepo/stm32f1/libopencm3/lib/libopencm3_stm32f1.a(usb_control.o)
                              /mnt/c/Users/Formulatrix/Documents/PyRepo/stm32f1//rtos/libwwg/libwwg.a(usbcdc.o) (usbd_register_control_callback)
/mnt/c/Users/Formulatrix/Documents/PyRepo/stm32f1/libopencm3/lib/libopencm3_stm32f1.a(usb_standard.o)
                              /mnt/c/Users/Formulatrix/Documents/PyRepo/stm32f1//rtos/libwwg/libwwg.a(usbcdc.o) (usbd_register_set_config_callback)
/mnt/c/Users/Formulatrix/Documents/PyRepo/stm32f1/libopencm3/lib/libopencm3_stm32f1.a(st_usbfs_v1.o)
                              /mnt/c/Users/Formulatrix/Documents/PyRepo/stm32f1//rtos/libwwg/libwwg.a(usbcdc.o) (st_usbfs_v1_usb_driver)
/mnt/c/Users/Formulatrix/Documents/PyRepo/stm32f1/libopencm3/lib/libopencm3_stm32f1.a(vector.o)
                              (reset_handler)
/mnt/c/Users/Formulatrix/Documents/PyRepo/stm32f1/libopencm3/lib/libopencm3_stm32f1.a(nvic.o)
                              /mnt/c/Users/Formulatrix/Documents/PyRepo/stm32f1//rtos/libwwg/libwwg.a(uartlib.o) (nvic_enable_irq)
/mnt/c/Users/Formulatrix/Documents/PyRepo/stm32f1/libopencm3/lib/libopencm3_stm32f1.a(assert.o)
                              /mnt/c/Users/Formulatrix/Documents/PyRepo/stm32f1/libopencm3/lib/libopencm3_stm32f1.a(rcc.o) (cm3_assert_failed)
/mnt/c/Users/Formulatrix/Documents/PyRepo/stm32f1/libopencm3/lib/libopencm3_stm32f1.a(flash_common_all.o)
                              /mnt/c/Users/Formulatrix/Documents/PyRepo/stm32f1/libopencm3/lib/libopencm3_stm32f1.a(rcc.o) (flash_set_ws)
/mnt/c/Users/Formulatrix/Documents/PyRepo/stm32f1/libopencm3/lib/libopencm3_stm32f1.a(st_usbfs_core.o)
                              /mnt/c/Users/Formulatrix/Documents/PyRepo/stm32f1/libopencm3/lib/libopencm3_stm32f1.a(st_usbfs_v1.o) (st_usbfs_set_address)
/usr/lib/gcc/arm-none-eabi/10.3.1/../../../arm-none-eabi/lib/thumb/v7-m/nofp/libc.a(lib_a-malloc.o)
                              /mnt/c/Users/Formulatrix/Documents/PyRepo/stm32f1//rtos/libwwg/libwwg.a(uartlib.o) (malloc)
/usr/lib/gcc/arm-none-eabi/10.3.1/../../../arm-none-eabi/lib/thumb/v7-m/nofp/libc.a(lib_a-mallocr.o)
                              /usr/lib/gcc/arm-none-eabi/10.3.1/../../../arm-none-eabi/lib/thumb/v7-m/nofp/libc.a(lib_a-malloc.o) (_malloc_r)
/usr/lib/gcc/arm-none-eabi/10.3.1/../../../arm-none-eabi/lib/thumb/v7-m/nofp/libc.a(lib_a-memmove.o)
                              /mnt/c/Users/Formulatrix/Documents/PyRepo/stm32f1//rtos/libwwg/libwwg.a(getline.o) (memmove)
[...]
Memory Configuration

Name             Origin             Length             Attributes
rom              0x0000000008000000 0x0000000000010000 xr
ram              0x0000000020000000 0x0000000000005000 xrw
*default*        0x0000000000000000 0xffffffffffffffff

Linker script and memory map

LOAD main.o
LOAD rtos/heap_4.o
LOAD rtos/list.o
LOAD rtos/port.o
LOAD rtos/queue.o
LOAD rtos/tasks.o
LOAD rtos/opencm3.o
START GROUP
LOAD /usr/lib/gcc/arm-none-eabi/10.3.1/../../../arm-none-eabi/lib/thumb/v7-m/nofp/libc.a
LOAD /usr/lib/gcc/arm-none-eabi/10.3.1/thumb/v7-m/nofp/libgcc.a
LOAD /usr/lib/gcc/arm-none-eabi/10.3.1/../../../arm-none-eabi/lib/thumb/v7-m/nofp/libnosys.a
END GROUP
LOAD /mnt/c/Users/Formulatrix/Documents/PyRepo/stm32f1//rtos/libwwg/libwwg.a
LOAD /mnt/c/Users/Formulatrix/Documents/PyRepo/stm32f1/libopencm3/lib/libopencm3_stm32f1.a
START GROUP
LOAD /usr/lib/gcc/arm-none-eabi/10.3.1/thumb/v7-m/nofp/libgcc.a
LOAD /usr/lib/gcc/arm-none-eabi/10.3.1/../../../arm-none-eabi/lib/thumb/v7-m/nofp/libc.a
END GROUP
START GROUP
LOAD /usr/lib/gcc/arm-none-eabi/10.3.1/thumb/v7-m/nofp/libgcc.a
LOAD /usr/lib/gcc/arm-none-eabi/10.3.1/../../../arm-none-eabi/lib/thumb/v7-m/nofp/libc.a
LOAD /usr/lib/gcc/arm-none-eabi/10.3.1/../../../arm-none-eabi/lib/thumb/v7-m/nofp/libnosys.a
END GROUP

.text           0x0000000008000000     0x3048
 *(.vectors)
 .vectors       0x0000000008000000      0x150 /mnt/c/Users/Formulatrix/Documents/PyRepo/stm32f1/libopencm3/lib/libopencm3_stm32f1.a(vector.o)
                0x0000000008000000                vector_table
 *(.text*)
 .text.usb_task
                0x0000000008000150       0x38 main.o
 .text.main_task
                0x0000000008000188       0x40 main.o
 .text.startup.main
                0x00000000080001c8       0x90 main.o
                0x00000000080001c8                main
 .text.prvInsertBlockIntoFreeList
                0x0000000008000258       0x48 rtos/heap_4.o
 .text.pvPortMalloc
                0x00000000080002a0       0xf4 rtos/heap_4.o
                0x00000000080002a0                pvPortMalloc
 .text.vPortFree
                0x0000000008000394       0x4c rtos/heap_4.o
                0x0000000008000394                vPortFree
 .text.vListInitialise
                0x00000000080003e0       0x16 rtos/list.o
                0x00000000080003e0                vListInitialise
 .text.vListInitialiseItem
                0x00000000080003f6        0x6 rtos/list.o
                0x00000000080003f6                vListInitialiseItem
 .text.vListInsertEnd
                0x00000000080003fc       0x18 rtos/list.o
                0x00000000080003fc                vListInsertEnd
 .text.vListInsert
                0x0000000008000414       0x2e rtos/list.o
                0x0000000008000414                vListInsert
 .text.uxListRemove
                0x0000000008000442       0x1e rtos/list.o
                0x0000000008000442                uxListRemove
 .text.prvTaskExitError
                0x0000000008000460       0x12 rtos/port.o
 *fill*         0x0000000008000472        0x2 
 .text.prvPortStartFirstTask
                0x0000000008000474       0x20 rtos/port.o
 .text.pxPortInitialiseStack
                0x0000000008000494       0x24 rtos/port.o
                0x0000000008000494                pxPortInitialiseStack
 *fill*         0x00000000080004b8        0x8 
 .text.vPortSVCHandler
                0x00000000080004c0       0x24 rtos/port.o
                0x00000000080004c0                vPortSVCHandler
 .text.vPortEnterCritical
                0x00000000080004e4       0x20 rtos/port.o
                0x00000000080004e4                vPortEnterCritical
 .text.vPortExitCritical
                0x0000000008000504       0x14 rtos/port.o
                0x0000000008000504                vPortExitCritical
 *fill*         0x0000000008000518        0x8 
 .text.xPortPendSVHandler
                0x0000000008000520       0x44 rtos/port.o
                0x0000000008000520                xPortPendSVHandler
 .text.xPortSysTickHandler
                0x0000000008000564       0x2c rtos/port.o
                0x0000000008000564                xPortSysTickHandler
 .text.vPortSetupTimerInterrupt
                0x0000000008000590       0x10 rtos/port.o
                0x0000000008000590                vPortSetupTimerInterrupt
 .text.xPortStartScheduler
                0x00000000080005a0       0x34 rtos/port.o
                0x00000000080005a0                xPortStartScheduler
 .text.prvCopyDataToQueue
                0x00000000080005d4       0x6a rtos/queue.o
 .text.prvCopyDataFromQueue
                0x000000000800063e       0x28 rtos/queue.o
 .text.prvUnlockQueue
                0x0000000008000666       0x70 rtos/queue.o
 .text.xQueueGenericReset
                0x00000000080006d6       0x6a rtos/queue.o
                0x00000000080006d6                xQueueGenericReset
 .text.xQueueGenericCreate
                0x0000000008000740       0x2e rtos/queue.o
                0x0000000008000740                xQueueGenericCreate
 .text.xQueueGenericSend
                0x000000000800076e      0x104 rtos/queue.o
                0x000000000800076e                xQueueGenericSend
 .text.xQueueCreateMutex
                0x0000000008000872       0x24 rtos/queue.o
                0x0000000008000872                xQueueCreateMutex
 .text.xQueueGenericReceive
                0x0000000008000896      0x138 rtos/queue.o
                0x0000000008000896                xQueueGenericReceive
 .text.uxQueueSpacesAvailable
                0x00000000080009ce       0x16 rtos/queue.o
                0x00000000080009ce                uxQueueSpacesAvailable
 .text.prvAddCurrentTaskToDelayedList
                0x00000000080009e4       0x88 rtos/tasks.o
 .text.prvResetNextTaskUnblockTime
                0x0000000008000a6c       0x24 rtos/tasks.o
 .text.xTaskCreate
                0x0000000008000a90      0x198 rtos/tasks.o
                0x0000000008000a90                xTaskCreate
 .text.vTaskStartScheduler
                0x0000000008000c28       0x60 rtos/tasks.o
                0x0000000008000c28                vTaskStartScheduler
 .text.vTaskSuspendAll
                0x0000000008000c88       0x10 rtos/tasks.o
                0x0000000008000c88                vTaskSuspendAll
 .text.xTaskGetTickCount
                0x0000000008000c98        0xc rtos/tasks.o
                0x0000000008000c98                xTaskGetTickCount
 .text.xTaskIncrementTick
                0x0000000008000ca4      0x10c rtos/tasks.o
                0x0000000008000ca4                xTaskIncrementTick
 .text.xTaskResumeAll
                0x0000000008000db0       0xd8 rtos/tasks.o
                0x0000000008000db0                xTaskResumeAll
 .text.vTaskDelay
                0x0000000008000e88       0x2e rtos/tasks.o
                0x0000000008000e88                vTaskDelay
 *fill*         0x0000000008000eb6        0x2 
 .text.prvIdleTask
                0x0000000008000eb8       0x74 rtos/tasks.o
 .text.vTaskSwitchContext
                0x0000000008000f2c       0x60 rtos/tasks.o
                0x0000000008000f2c                vTaskSwitchContext
 .text.vTaskPlaceOnEventList
                0x0000000008000f8c       0x20 rtos/tasks.o
                0x0000000008000f8c                vTaskPlaceOnEventList
 .text.xTaskRemoveFromEventList
                0x0000000008000fac       0x70 rtos/tasks.o
                0x0000000008000fac                xTaskRemoveFromEventList
 .text.vTaskSetTimeOutState
                0x000000000800101c       0x18 rtos/tasks.o
                0x000000000800101c                vTaskSetTimeOutState
 .text.xTaskCheckForTimeOut
                0x0000000008001034       0x4c rtos/tasks.o
                0x0000000008001034                xTaskCheckForTimeOut
 .text.vTaskMissedYield
                0x0000000008001080        0xc rtos/tasks.o
                0x0000000008001080                vTaskMissedYield
 .text.vTaskPriorityInherit
                0x000000000800108c       0x94 rtos/tasks.o
                0x000000000800108c                vTaskPriorityInherit
 .text.xTaskPriorityDisinherit
                0x0000000008001120       0x70 rtos/tasks.o
                0x0000000008001120                xTaskPriorityDisinherit
 .text.pvTaskIncrementMutexHeldCount
                0x0000000008001190       0x18 rtos/tasks.o
                0x0000000008001190                pvTaskIncrementMutexHeldCount
 .text.sv_call_handler
                0x00000000080011a8        0x4 rtos/opencm3.o
                0x00000000080011a8                sv_call_handler
 .text.pend_sv_handler
                0x00000000080011ac        0x4 rtos/opencm3.o
                0x00000000080011ac                pend_sv_handler
 .text.sys_tick_handler
                0x00000000080011b0        0x4 rtos/opencm3.o
                0x00000000080011b0                sys_tick_handler
 .text          0x00000000080011b4       0xec /usr/lib/gcc/arm-none-eabi/10.3.1/../../../arm-none-eabi/lib/thumb/v7-m/nofp/libc.a(lib_a-memcpy.o)
                0x00000000080011b4                memcpy
 .text.cdcacm_control_request
                0x00000000080012a0       0x1c /mnt/c/Users/Formulatrix/Documents/PyRepo/stm32f1//rtos/libwwg/libwwg.a(usbcdc.o)
 .text.usb_putc
                0x00000000080012bc       0x5c /mnt/c/Users/Formulatrix/Documents/PyRepo/stm32f1//rtos/libwwg/libwwg.a(usbcdc.o)
                0x00000000080012bc                usb_putc
 .text.usb_getc
                0x0000000008001318       0x2c /mnt/c/Users/Formulatrix/Documents/PyRepo/stm32f1//rtos/libwwg/libwwg.a(usbcdc.o)
                0x0000000008001318                usb_getc
 .text.usb_task
                0x0000000008001344       0x68 /mnt/c/Users/Formulatrix/Documents/PyRepo/stm32f1//rtos/libwwg/libwwg.a(usbcdc.o)
 .text.cdcacm_set_config
                0x00000000080013ac       0x54 /mnt/c/Users/Formulatrix/Documents/PyRepo/stm32f1//rtos/libwwg/libwwg.a(usbcdc.o)
 .text.cdcacm_data_rx_cb
                0x0000000008001400       0x48 /mnt/c/Users/Formulatrix/Documents/PyRepo/stm32f1//rtos/libwwg/libwwg.a(usbcdc.o)
 .text.usb_puts
                0x0000000008001448       0x12 /mnt/c/Users/Formulatrix/Documents/PyRepo/stm32f1//rtos/libwwg/libwwg.a(usbcdc.o)
                0x0000000008001448                usb_puts
 *fill*         0x000000000800145a        0x2 
 .text.usb_vprintf
                0x000000000800145c       0x10 /mnt/c/Users/Formulatrix/Documents/PyRepo/stm32f1//rtos/libwwg/libwwg.a(usbcdc.o)
                0x000000000800145c                usb_vprintf
 .text.usb_write
                0x000000000800146c       0x24 /mnt/c/Users/Formulatrix/Documents/PyRepo/stm32f1//rtos/libwwg/libwwg.a(usbcdc.o)
                0x000000000800146c                usb_write
 .text.usb_peek
                0x0000000008001490       0x28 /mnt/c/Users/Formulatrix/Documents/PyRepo/stm32f1//rtos/libwwg/libwwg.a(usbcdc.o)
                0x0000000008001490                usb_peek
 .text.usb_gets
                0x00000000080014b8       0x4a /mnt/c/Users/Formulatrix/Documents/PyRepo/stm32f1//rtos/libwwg/libwwg.a(usbcdc.o)
                0x00000000080014b8                usb_gets
 *fill*         0x0000000008001502        0x2 
 .text.usb_getline
                0x0000000008001504       0x10 /mnt/c/Users/Formulatrix/Documents/PyRepo/stm32f1//rtos/libwwg/libwwg.a(usbcdc.o)
                0x0000000008001504                usb_getline
 .text.usb_start
                0x0000000008001514       0x98 /mnt/c/Users/Formulatrix/Documents/PyRepo/stm32f1//rtos/libwwg/libwwg.a(usbcdc.o)
                0x0000000008001514                usb_start
 .text.mini_write
                0x00000000080015ac       0x16 /mnt/c/Users/Formulatrix/Documents/PyRepo/stm32f1//rtos/libwwg/libwwg.a(miniprintf.o)
 .text.mini_putc
                0x00000000080015c2       0x2a /mnt/c/Users/Formulatrix/Documents/PyRepo/stm32f1//rtos/libwwg/libwwg.a(miniprintf.o)
 .text.mini_pad
                0x00000000080015ec       0x24 /mnt/c/Users/Formulatrix/Documents/PyRepo/stm32f1//rtos/libwwg/libwwg.a(miniprintf.o)
 .text.internal_vprintf
                0x0000000008001610      0x1f0 /mnt/c/Users/Formulatrix/Documents/PyRepo/stm32f1//rtos/libwwg/libwwg.a(miniprintf.o)
 .text.mini_vprintf_cooked
                0x0000000008001800       0x30 /mnt/c/Users/Formulatrix/Documents/PyRepo/stm32f1//rtos/libwwg/libwwg.a(miniprintf.o)
                0x0000000008001800                mini_vprintf_cooked
 .text.std_printf
                0x0000000008001830       0x24 /mnt/c/Users/Formulatrix/Documents/PyRepo/stm32f1//rtos/libwwg/libwwg.a(mcuio.o)
                0x0000000008001830                std_printf
 .text.getline  0x0000000008001854      0x18e /mnt/c/Users/Formulatrix/Documents/PyRepo/stm32f1//rtos/libwwg/libwwg.a(getline.o)
                0x0000000008001854                getline
 *fill*         0x00000000080019e2        0x2 
 .text.uart_common_isr
                0x00000000080019e4       0x44 /mnt/c/Users/Formulatrix/Documents/PyRepo/stm32f1//rtos/libwwg/libwwg.a(uartlib.o)
 .text.usart1_isr
                0x0000000008001a28        0x6 /mnt/c/Users/Formulatrix/Documents/PyRepo/stm32f1//rtos/libwwg/libwwg.a(uartlib.o)
                0x0000000008001a28                usart1_isr
 .text.usart2_isr
                0x0000000008001a2e        0x6 /mnt/c/Users/Formulatrix/Documents/PyRepo/stm32f1//rtos/libwwg/libwwg.a(uartlib.o)
                0x0000000008001a2e                usart2_isr
 .text.usart3_isr
                0x0000000008001a34        0x6 /mnt/c/Users/Formulatrix/Documents/PyRepo/stm32f1//rtos/libwwg/libwwg.a(uartlib.o)
                0x0000000008001a34                usart3_isr
 *fill*         0x0000000008001a3a        0x2 
 .text.putc_uart
                0x0000000008001a3c       0x34 /mnt/c/Users/Formulatrix/Documents/PyRepo/stm32f1//rtos/libwwg/libwwg.a(uartlib.o)
                0x0000000008001a3c                putc_uart
 .text.uart1_putc
                0x0000000008001a70       0x1c /mnt/c/Users/Formulatrix/Documents/PyRepo/stm32f1//rtos/libwwg/libwwg.a(uartlib.o)
                0x0000000008001a70                uart1_putc
 .text.uart2_putc
                0x0000000008001a8c       0x1c /mnt/c/Users/Formulatrix/Documents/PyRepo/stm32f1//rtos/libwwg/libwwg.a(uartlib.o)
                0x0000000008001a8c                uart2_putc
 .text.uart3_putc
                0x0000000008001aa8       0x1c /mnt/c/Users/Formulatrix/Documents/PyRepo/stm32f1//rtos/libwwg/libwwg.a(uartlib.o)
                0x0000000008001aa8                uart3_putc
 .text.getc_uart
                0x0000000008001ac4       0x4c /mnt/c/Users/Formulatrix/Documents/PyRepo/stm32f1//rtos/libwwg/libwwg.a(uartlib.o)
                0x0000000008001ac4                getc_uart
 .text.uart1_getc
                0x0000000008001b10        0xa /mnt/c/Users/Formulatrix/Documents/PyRepo/stm32f1//rtos/libwwg/libwwg.a(uartlib.o)
                0x0000000008001b10                uart1_getc
 .text.uart2_getc
                0x0000000008001b1a        0xa /mnt/c/Users/Formulatrix/Documents/PyRepo/stm32f1//rtos/libwwg/libwwg.a(uartlib.o)
                0x0000000008001b1a                uart2_getc
 .text.uart3_getc
                0x0000000008001b24        0xa /mnt/c/Users/Formulatrix/Documents/PyRepo/stm32f1//rtos/libwwg/libwwg.a(uartlib.o)
                0x0000000008001b24                uart3_getc
 .text.gpio_set_mode
                0x0000000008001b2e       0x5e /mnt/c/Users/Formulatrix/Documents/PyRepo/stm32f1/libopencm3/lib/libopencm3_stm32f1.a(gpio.o)
                0x0000000008001b2e                gpio_set_mode
 .text.gpio_toggle
                0x0000000008001b8c       0x12 /mnt/c/Users/Formulatrix/Documents/PyRepo/stm32f1/libopencm3/lib/libopencm3_stm32f1.a(gpio_common_all.o)
                0x0000000008001b8c                gpio_toggle
 *fill*         0x0000000008001b9e        0x2 
 .text.rcc_is_osc_ready
                0x0000000008001ba0       0x58 /mnt/c/Users/Formulatrix/Documents/PyRepo/stm32f1/libopencm3/lib/libopencm3_stm32f1.a(rcc.o)
                0x0000000008001ba0                rcc_is_osc_ready
 .text.rcc_wait_for_osc_ready
                0x0000000008001bf8       0x10 /mnt/c/Users/Formulatrix/Documents/PyRepo/stm32f1/libopencm3/lib/libopencm3_stm32f1.a(rcc.o)
                0x0000000008001bf8                rcc_wait_for_osc_ready
 .text.rcc_osc_on
                0x0000000008001c08       0x60 /mnt/c/Users/Formulatrix/Documents/PyRepo/stm32f1/libopencm3/lib/libopencm3_stm32f1.a(rcc.o)
                0x0000000008001c08                rcc_osc_on
 .text.rcc_set_sysclk_source
                0x0000000008001c68       0x14 /mnt/c/Users/Formulatrix/Documents/PyRepo/stm32f1/libopencm3/lib/libopencm3_stm32f1.a(rcc.o)
                0x0000000008001c68                rcc_set_sysclk_source
 .text.rcc_set_pll_multiplication_factor
                0x0000000008001c7c       0x14 /mnt/c/Users/Formulatrix/Documents/PyRepo/stm32f1/libopencm3/lib/libopencm3_stm32f1.a(rcc.o)
                0x0000000008001c7c                rcc_set_pll_multiplication_factor
 .text.rcc_set_pll_source
                0x0000000008001c90       0x14 /mnt/c/Users/Formulatrix/Documents/PyRepo/stm32f1/libopencm3/lib/libopencm3_stm32f1.a(rcc.o)
                0x0000000008001c90                rcc_set_pll_source
 .text.rcc_set_pllxtpre
                0x0000000008001ca4       0x14 /mnt/c/Users/Formulatrix/Documents/PyRepo/stm32f1/libopencm3/lib/libopencm3_stm32f1.a(rcc.o)
                0x0000000008001ca4                rcc_set_pllxtpre
 .text.rcc_set_adcpre
                0x0000000008001cb8       0x14 /mnt/c/Users/Formulatrix/Documents/PyRepo/stm32f1/libopencm3/lib/libopencm3_stm32f1.a(rcc.o)
                0x0000000008001cb8                rcc_set_adcpre
 .text.rcc_set_ppre2
                0x0000000008001ccc       0x14 /mnt/c/Users/Formulatrix/Documents/PyRepo/stm32f1/libopencm3/lib/libopencm3_stm32f1.a(rcc.o)
                0x0000000008001ccc                rcc_set_ppre2
 .text.rcc_set_ppre1
                0x0000000008001ce0       0x14 /mnt/c/Users/Formulatrix/Documents/PyRepo/stm32f1/libopencm3/lib/libopencm3_stm32f1.a(rcc.o)
                0x0000000008001ce0                rcc_set_ppre1
 .text.rcc_set_hpre
                0x0000000008001cf4       0x14 /mnt/c/Users/Formulatrix/Documents/PyRepo/stm32f1/libopencm3/lib/libopencm3_stm32f1.a(rcc.o)
                0x0000000008001cf4                rcc_set_hpre
 .text.rcc_clock_setup_in_hse_8mhz_out_72mhz
                0x0000000008001d08       0x88 /mnt/c/Users/Formulatrix/Documents/PyRepo/stm32f1/libopencm3/lib/libopencm3_stm32f1.a(rcc.o)
                0x0000000008001d08                rcc_clock_setup_in_hse_8mhz_out_72mhz
 .text.rcc_periph_clock_enable
                0x0000000008001d90       0x1c /mnt/c/Users/Formulatrix/Documents/PyRepo/stm32f1/libopencm3/lib/libopencm3_stm32f1.a(rcc_common_all.o)
                0x0000000008001d90                rcc_periph_clock_enable
 .text.usart_send_blocking
                0x0000000008001dac       0x16 /mnt/c/Users/Formulatrix/Documents/PyRepo/stm32f1/libopencm3/lib/libopencm3_stm32f1.a(usart_common_all.o)
                0x0000000008001dac                usart_send_blocking
 .text.usart_send
                0x0000000008001dc2        0x8 /mnt/c/Users/Formulatrix/Documents/PyRepo/stm32f1/libopencm3/lib/libopencm3_stm32f1.a(usart_common_f124.o)
                0x0000000008001dc2                usart_send
 .text.usart_wait_send_ready
                0x0000000008001dca        0x8 /mnt/c/Users/Formulatrix/Documents/PyRepo/stm32f1/libopencm3/lib/libopencm3_stm32f1.a(usart_common_f124.o)
                0x0000000008001dca                usart_wait_send_ready
 *fill*         0x0000000008001dd2        0x2 
 .text.usbd_init
                0x0000000008001dd4       0x54 /mnt/c/Users/Formulatrix/Documents/PyRepo/stm32f1/libopencm3/lib/libopencm3_stm32f1.a(usb.o)
                0x0000000008001dd4                usbd_init
 .text.usbd_poll
                0x0000000008001e28        0x8 /mnt/c/Users/Formulatrix/Documents/PyRepo/stm32f1/libopencm3/lib/libopencm3_stm32f1.a(usb.o)
                0x0000000008001e28                usbd_poll
 .text.usbd_ep_setup
                0x0000000008001e30        0xe /mnt/c/Users/Formulatrix/Documents/PyRepo/stm32f1/libopencm3/lib/libopencm3_stm32f1.a(usb.o)
                0x0000000008001e30                usbd_ep_setup
 .text._usbd_reset
                0x0000000008001e3e       0x32 /mnt/c/Users/Formulatrix/Documents/PyRepo/stm32f1/libopencm3/lib/libopencm3_stm32f1.a(usb.o)
                0x0000000008001e3e                _usbd_reset
 .text.usbd_ep_write_packet
                0x0000000008001e70        0xe /mnt/c/Users/Formulatrix/Documents/PyRepo/stm32f1/libopencm3/lib/libopencm3_stm32f1.a(usb.o)
                0x0000000008001e70                usbd_ep_write_packet
 .text.usbd_ep_read_packet
                0x0000000008001e7e        0xe /mnt/c/Users/Formulatrix/Documents/PyRepo/stm32f1/libopencm3/lib/libopencm3_stm32f1.a(usb.o)
                0x0000000008001e7e                usbd_ep_read_packet
 .text.usbd_ep_stall_set
                0x0000000008001e8c        0x8 /mnt/c/Users/Formulatrix/Documents/PyRepo/stm32f1/libopencm3/lib/libopencm3_stm32f1.a(usb.o)
                0x0000000008001e8c                usbd_ep_stall_set
 .text.usbd_ep_stall_get
                0x0000000008001e94        0x8 /mnt/c/Users/Formulatrix/Documents/PyRepo/stm32f1/libopencm3/lib/libopencm3_stm32f1.a(usb.o)
                0x0000000008001e94                usbd_ep_stall_get
 .text.usbd_ep_nak_set
                0x0000000008001e9c        0x8 /mnt/c/Users/Formulatrix/Documents/PyRepo/stm32f1/libopencm3/lib/libopencm3_stm32f1.a(usb.o)
                0x0000000008001e9c                usbd_ep_nak_set
 .text.usb_control_send_chunk
                0x0000000008001ea4       0x52 /mnt/c/Users/Formulatrix/Documents/PyRepo/stm32f1/libopencm3/lib/libopencm3_stm32f1.a(usb_control.o)
 .text.usb_control_request_dispatch
                0x0000000008001ef6       0x60 /mnt/c/Users/Formulatrix/Documents/PyRepo/stm32f1/libopencm3/lib/libopencm3_stm32f1.a(usb_control.o)
 .text.stall_transaction
                0x0000000008001f56       0x14 /mnt/c/Users/Formulatrix/Documents/PyRepo/stm32f1/libopencm3/lib/libopencm3_stm32f1.a(usb_control.o)
 .text.usb_control_recv_chunk
                0x0000000008001f6a       0x3c /mnt/c/Users/Formulatrix/Documents/PyRepo/stm32f1/libopencm3/lib/libopencm3_stm32f1.a(usb_control.o)
 .text.usb_control_setup_read
                0x0000000008001fa6       0x66 /mnt/c/Users/Formulatrix/Documents/PyRepo/stm32f1/libopencm3/lib/libopencm3_stm32f1.a(usb_control.o)
 .text.usbd_register_control_callback
                0x000000000800200c       0x2c /mnt/c/Users/Formulatrix/Documents/PyRepo/stm32f1/libopencm3/lib/libopencm3_stm32f1.a(usb_control.o)
                0x000000000800200c                usbd_register_control_callback
 .text._usbd_control_setup
                0x0000000008002038       0x60 /mnt/c/Users/Formulatrix/Documents/PyRepo/stm32f1/libopencm3/lib/libopencm3_stm32f1.a(usb_control.o)
                0x0000000008002038                _usbd_control_setup
 .text._usbd_control_out
                0x0000000008002098       0x82 /mnt/c/Users/Formulatrix/Documents/PyRepo/stm32f1/libopencm3/lib/libopencm3_stm32f1.a(usb_control.o)
                0x0000000008002098                _usbd_control_out
 .text._usbd_control_in
                0x000000000800211a       0x64 /mnt/c/Users/Formulatrix/Documents/PyRepo/stm32f1/libopencm3/lib/libopencm3_stm32f1.a(usb_control.o)
                0x000000000800211a                _usbd_control_in
 .text.usb_standard_set_address
                0x000000000800217e       0x28 /mnt/c/Users/Formulatrix/Documents/PyRepo/stm32f1/libopencm3/lib/libopencm3_stm32f1.a(usb_standard.o)
 .text.usb_standard_set_configuration
                0x00000000080021a6       0x92 /mnt/c/Users/Formulatrix/Documents/PyRepo/stm32f1/libopencm3/lib/libopencm3_stm32f1.a(usb_standard.o)
 .text.usb_standard_get_configuration
                0x0000000008002238       0x22 /mnt/c/Users/Formulatrix/Documents/PyRepo/stm32f1/libopencm3/lib/libopencm3_stm32f1.a(usb_standard.o)
 .text.usb_standard_set_interface
                0x000000000800225a       0x50 /mnt/c/Users/Formulatrix/Documents/PyRepo/stm32f1/libopencm3/lib/libopencm3_stm32f1.a(usb_standard.o)
 .text.usb_standard_get_interface
                0x00000000080022aa       0x34 /mnt/c/Users/Formulatrix/Documents/PyRepo/stm32f1/libopencm3/lib/libopencm3_stm32f1.a(usb_standard.o)
 .text.usb_standard_device_get_status
                0x00000000080022de       0x18 /mnt/c/Users/Formulatrix/Documents/PyRepo/stm32f1/libopencm3/lib/libopencm3_stm32f1.a(usb_standard.o)
 .text.usb_standard_endpoint_get_status
                0x00000000080022f6       0x2a /mnt/c/Users/Formulatrix/Documents/PyRepo/stm32f1/libopencm3/lib/libopencm3_stm32f1.a(usb_standard.o)
 .text.usb_standard_endpoint_stall
                0x0000000008002320       0x10 /mnt/c/Users/Formulatrix/Documents/PyRepo/stm32f1/libopencm3/lib/libopencm3_stm32f1.a(usb_standard.o)
 .text.usb_standard_endpoint_unstall
                0x0000000008002330       0x10 /mnt/c/Users/Formulatrix/Documents/PyRepo/stm32f1/libopencm3/lib/libopencm3_stm32f1.a(usb_standard.o)
 .text.usb_standard_get_descriptor
                0x0000000008002340      0x2a6 /mnt/c/Users/Formulatrix/Documents/PyRepo/stm32f1/libopencm3/lib/libopencm3_stm32f1.a(usb_standard.o)
 .text.usb_standard_interface_get_status
                0x00000000080025e6       0x18 /mnt/c/Users/Formulatrix/Documents/PyRepo/stm32f1/libopencm3/lib/libopencm3_stm32f1.a(usb_standard.o)
 .text.usbd_register_set_config_callback
                0x00000000080025fe       0x2c /mnt/c/Users/Formulatrix/Documents/PyRepo/stm32f1/libopencm3/lib/libopencm3_stm32f1.a(usb_standard.o)
                0x00000000080025fe                usbd_register_set_config_callback
 *fill*         0x000000000800262a        0x2 
 .text._usbd_standard_request_device
                0x000000000800262c       0x48 /mnt/c/Users/Formulatrix/Documents/PyRepo/stm32f1/libopencm3/lib/libopencm3_stm32f1.a(usb_standard.o)
                0x000000000800262c                _usbd_standard_request_device
 .text._usbd_standard_request_interface
                0x0000000008002674       0x30 /mnt/c/Users/Formulatrix/Documents/PyRepo/stm32f1/libopencm3/lib/libopencm3_stm32f1.a(usb_standard.o)
                0x0000000008002674                _usbd_standard_request_interface
 .text._usbd_standard_request_endpoint
                0x00000000080026a4       0x3c /mnt/c/Users/Formulatrix/Documents/PyRepo/stm32f1/libopencm3/lib/libopencm3_stm32f1.a(usb_standard.o)
                0x00000000080026a4                _usbd_standard_request_endpoint
 .text._usbd_standard_request
                0x00000000080026e0       0x30 /mnt/c/Users/Formulatrix/Documents/PyRepo/stm32f1/libopencm3/lib/libopencm3_stm32f1.a(usb_standard.o)
                0x00000000080026e0                _usbd_standard_request
 .text.st_usbfs_v1_usbd_init
                0x0000000008002710       0x30 /mnt/c/Users/Formulatrix/Documents/PyRepo/stm32f1/libopencm3/lib/libopencm3_stm32f1.a(st_usbfs_v1.o)
 .text.st_usbfs_copy_to_pm
                0x0000000008002740       0x18 /mnt/c/Users/Formulatrix/Documents/PyRepo/stm32f1/libopencm3/lib/libopencm3_stm32f1.a(st_usbfs_v1.o)
                0x0000000008002740                st_usbfs_copy_to_pm
 .text.st_usbfs_copy_from_pm
                0x0000000008002758       0x26 /mnt/c/Users/Formulatrix/Documents/PyRepo/stm32f1/libopencm3/lib/libopencm3_stm32f1.a(st_usbfs_v1.o)
                0x0000000008002758                st_usbfs_copy_from_pm
 .text.blocking_handler
                0x000000000800277e        0x2 /mnt/c/Users/Formulatrix/Documents/PyRepo/stm32f1/libopencm3/lib/libopencm3_stm32f1.a(vector.o)
                0x000000000800277e                rtc_isr
                0x000000000800277e                tim7_isr
                0x000000000800277e                adc1_2_isr
                0x000000000800277e                tim1_trg_com_isr
                0x000000000800277e                usb_hp_can_tx_isr
                0x000000000800277e                tim6_isr
                0x000000000800277e                usb_wakeup_isr
                0x000000000800277e                blocking_handler
                0x000000000800277e                tim5_isr
                0x000000000800277e                otg_fs_isr
                0x000000000800277e                spi1_isr
                0x000000000800277e                exti2_isr
                0x000000000800277e                dma1_channel6_isr
                0x000000000800277e                can_rx1_isr
                0x000000000800277e                dma1_channel5_isr
                0x000000000800277e                dma2_channel5_isr
                0x000000000800277e                usage_fault_handler
                0x000000000800277e                tim8_trg_com_isr
                0x000000000800277e                can2_rx0_isr
                0x000000000800277e                tim1_brk_isr
                0x000000000800277e                can2_rx1_isr
                0x000000000800277e                tim1_cc_isr
                0x000000000800277e                sdio_isr
                0x000000000800277e                eth_isr
                0x000000000800277e                dma1_channel4_isr
                0x000000000800277e                tim8_brk_isr
                0x000000000800277e                dma2_channel4_5_isr
                0x000000000800277e                pvd_isr
                0x000000000800277e                rcc_isr
                0x000000000800277e                flash_isr
                0x000000000800277e                uart4_isr
                0x000000000800277e                rtc_alarm_isr
                0x000000000800277e                exti15_10_isr
                0x000000000800277e                hard_fault_handler
                0x000000000800277e                exti1_isr
                0x000000000800277e                i2c1_ev_isr
                0x000000000800277e                dma2_channel1_isr
                0x000000000800277e                spi2_isr
                0x000000000800277e                tim8_up_isr
                0x000000000800277e                dma2_channel2_isr
                0x000000000800277e                exti3_isr
                0x000000000800277e                adc3_isr
                0x000000000800277e                tim3_isr
                0x000000000800277e                usb_lp_can_rx0_isr
                0x000000000800277e                i2c2_er_isr
                0x000000000800277e                i2c2_ev_isr
                0x000000000800277e                uart5_isr
                0x000000000800277e                fsmc_isr
                0x000000000800277e                dma1_channel1_isr
                0x000000000800277e                exti4_isr
                0x000000000800277e                mem_manage_handler
                0x000000000800277e                can2_tx_isr
                0x000000000800277e                exti9_5_isr
                0x000000000800277e                dma2_channel3_isr
                0x000000000800277e                dma1_channel7_isr
                0x000000000800277e                tim1_up_isr
                0x000000000800277e                can2_sce_isr
                0x000000000800277e                tim4_isr
                0x000000000800277e                dma1_channel2_isr
                0x000000000800277e                i2c1_er_isr
                0x000000000800277e                can_sce_isr
                0x000000000800277e                tim8_cc_isr
                0x000000000800277e                tamper_isr
                0x000000000800277e                eth_wkup_isr
                0x000000000800277e                bus_fault_handler
                0x000000000800277e                wwdg_isr
                0x000000000800277e                dma1_channel3_isr
                0x000000000800277e                spi3_isr
                0x000000000800277e                tim2_isr
                0x000000000800277e                exti0_isr
 .text.null_handler
                0x0000000008002780        0x2 /mnt/c/Users/Formulatrix/Documents/PyRepo/stm32f1/libopencm3/lib/libopencm3_stm32f1.a(vector.o)
                0x0000000008002780                null_handler
                0x0000000008002780                debug_monitor_handler
                0x0000000008002780                nmi_handler
 *fill*         0x0000000008002782        0x2 
 .text.reset_handler
                0x0000000008002784       0x94 /mnt/c/Users/Formulatrix/Documents/PyRepo/stm32f1/libopencm3/lib/libopencm3_stm32f1.a(vector.o)
                0x0000000008002784                reset_handler
 .text.flash_set_ws
                0x0000000008002818       0x14 /mnt/c/Users/Formulatrix/Documents/PyRepo/stm32f1/libopencm3/lib/libopencm3_stm32f1.a(flash_common_all.o)
                0x0000000008002818                flash_set_ws
 .text.st_usbfs_set_address
                0x000000000800282c       0x10 /mnt/c/Users/Formulatrix/Documents/PyRepo/stm32f1/libopencm3/lib/libopencm3_stm32f1.a(st_usbfs_core.o)
                0x000000000800282c                st_usbfs_set_address
 .text.st_usbfs_set_ep_rx_bufsize
                0x000000000800283c       0x44 /mnt/c/Users/Formulatrix/Documents/PyRepo/stm32f1/libopencm3/lib/libopencm3_stm32f1.a(st_usbfs_core.o)
                0x000000000800283c                st_usbfs_set_ep_rx_bufsize
 .text.st_usbfs_ep_setup
                0x0000000008002880      0x138 /mnt/c/Users/Formulatrix/Documents/PyRepo/stm32f1/libopencm3/lib/libopencm3_stm32f1.a(st_usbfs_core.o)
                0x0000000008002880                st_usbfs_ep_setup
 .text.st_usbfs_endpoints_reset
                0x00000000080029b8       0x44 /mnt/c/Users/Formulatrix/Documents/PyRepo/stm32f1/libopencm3/lib/libopencm3_stm32f1.a(st_usbfs_core.o)
                0x00000000080029b8                st_usbfs_endpoints_reset
 .text.st_usbfs_ep_stall_set
                0x00000000080029fc       0xc4 /mnt/c/Users/Formulatrix/Documents/PyRepo/stm32f1/libopencm3/lib/libopencm3_stm32f1.a(st_usbfs_core.o)
                0x00000000080029fc                st_usbfs_ep_stall_set
 .text.st_usbfs_ep_stall_get
                0x0000000008002ac0       0x38 /mnt/c/Users/Formulatrix/Documents/PyRepo/stm32f1/libopencm3/lib/libopencm3_stm32f1.a(st_usbfs_core.o)
                0x0000000008002ac0                st_usbfs_ep_stall_get
 .text.st_usbfs_ep_nak_set
                0x0000000008002af8       0x3c /mnt/c/Users/Formulatrix/Documents/PyRepo/stm32f1/libopencm3/lib/libopencm3_stm32f1.a(st_usbfs_core.o)
                0x0000000008002af8                st_usbfs_ep_nak_set
 .text.st_usbfs_ep_write_packet
                0x0000000008002b34       0x88 /mnt/c/Users/Formulatrix/Documents/PyRepo/stm32f1/libopencm3/lib/libopencm3_stm32f1.a(st_usbfs_core.o)
                0x0000000008002b34                st_usbfs_ep_write_packet
 .text.st_usbfs_ep_read_packet
                0x0000000008002bbc       0xb4 /mnt/c/Users/Formulatrix/Documents/PyRepo/stm32f1/libopencm3/lib/libopencm3_stm32f1.a(st_usbfs_core.o)
                0x0000000008002bbc                st_usbfs_ep_read_packet
 .text.st_usbfs_poll
                0x0000000008002c70       0xf4 /mnt/c/Users/Formulatrix/Documents/PyRepo/stm32f1/libopencm3/lib/libopencm3_stm32f1.a(st_usbfs_core.o)
                0x0000000008002c70                st_usbfs_poll
 .text          0x0000000008002d64       0xf8 /usr/lib/gcc/arm-none-eabi/10.3.1/../../../arm-none-eabi/lib/thumb/v7-m/nofp/libc.a(lib_a-memmove.o)
                0x0000000008002d64                memmove
 .text          0x0000000008002e5c       0x5c /usr/lib/gcc/arm-none-eabi/10.3.1/../../../arm-none-eabi/lib/thumb/v7-m/nofp/libc.a(lib_a-strlen-stub.o)
                0x0000000008002e5c                strlen
                0x0000000008002eb8                . = ALIGN (0x4)
 *(.rodata*)
 .rodata.usb_task.str1.1
                0x0000000008002eb8       0x1a main.o
 .rodata.main.str1.1
                0x0000000008002ed2        0xa main.o
 .rodata.vTaskStartScheduler.str1.1
                0x0000000008002edc        0x5 rtos/tasks.o
 .rodata.usb_start.str1.1
                0x0000000008002ee1        0x4 /mnt/c/Users/Formulatrix/Documents/PyRepo/stm32f1//rtos/libwwg/libwwg.a(usbcdc.o)
 .rodata.str1.1
                0x0000000008002ee1       0x29 /mnt/c/Users/Formulatrix/Documents/PyRepo/stm32f1//rtos/libwwg/libwwg.a(usbcdc.o)
 .rodata.cdcacm_functional_descriptors
                0x0000000008002f0a       0x13 /mnt/c/Users/Formulatrix/Documents/PyRepo/stm32f1//rtos/libwwg/libwwg.a(usbcdc.o)
 .rodata.comm_endp
                0x0000000008002f1d        0xf /mnt/c/Users/Formulatrix/Documents/PyRepo/stm32f1//rtos/libwwg/libwwg.a(usbcdc.o)
 .rodata.comm_iface
                0x0000000008002f2c       0x15 /mnt/c/Users/Formulatrix/Documents/PyRepo/stm32f1//rtos/libwwg/libwwg.a(usbcdc.o)
 .rodata.config
                0x0000000008002f41        0xd /mnt/c/Users/Formulatrix/Documents/PyRepo/stm32f1//rtos/libwwg/libwwg.a(usbcdc.o)
 .rodata.cr.0   0x0000000008002f4e        0x1 /mnt/c/Users/Formulatrix/Documents/PyRepo/stm32f1//rtos/libwwg/libwwg.a(usbcdc.o)
 .rodata.data_endp
                0x0000000008002f4f       0x1e /mnt/c/Users/Formulatrix/Documents/PyRepo/stm32f1//rtos/libwwg/libwwg.a(usbcdc.o)
 .rodata.data_iface
                0x0000000008002f6d       0x15 /mnt/c/Users/Formulatrix/Documents/PyRepo/stm32f1//rtos/libwwg/libwwg.a(usbcdc.o)
 .rodata.dev    0x0000000008002f82       0x12 /mnt/c/Users/Formulatrix/Documents/PyRepo/stm32f1//rtos/libwwg/libwwg.a(usbcdc.o)
 .rodata.ifaces
                0x0000000008002f94       0x20 /mnt/c/Users/Formulatrix/Documents/PyRepo/stm32f1//rtos/libwwg/libwwg.a(usbcdc.o)
 .rodata.internal_vprintf.str1.1
                0x0000000008002fb4        0x3 /mnt/c/Users/Formulatrix/Documents/PyRepo/stm32f1//rtos/libwwg/libwwg.a(miniprintf.o)
 *fill*         0x0000000008002fb7        0x1 
 .rodata.dev_usb
                0x0000000008002fb8       0x20 /mnt/c/Users/Formulatrix/Documents/PyRepo/stm32f1//rtos/libwwg/libwwg.a(mcuio.o)
 .rodata.uarts  0x0000000008002fd8       0x3c /mnt/c/Users/Formulatrix/Documents/PyRepo/stm32f1//rtos/libwwg/libwwg.a(uartlib.o)
 .rodata.st_usbfs_v1_usb_driver
                0x0000000008003014       0x34 /mnt/c/Users/Formulatrix/Documents/PyRepo/stm32f1/libopencm3/lib/libopencm3_stm32f1.a(st_usbfs_v1.o)
                0x0000000008003014                st_usbfs_v1_usb_driver
                0x0000000008003048                . = ALIGN (0x4)

.glue_7         0x0000000008003048        0x0
 .glue_7        0x0000000008003048        0x0 linker stubs

.glue_7t        0x0000000008003048        0x0
 .glue_7t       0x0000000008003048        0x0 linker stubs

.vfp11_veneer   0x0000000008003048        0x0
 .vfp11_veneer  0x0000000008003048        0x0 linker stubs

.v4_bx          0x0000000008003048        0x0
 .v4_bx         0x0000000008003048        0x0 linker stubs

.iplt           0x0000000008003048        0x0
 .iplt          0x0000000008003048        0x0 main.o

.rel.dyn        0x0000000008003048        0x0
 .rel.iplt      0x0000000008003048        0x0 main.o

.preinit_array  0x0000000008003048        0x0
                0x0000000008003048                . = ALIGN (0x4)
                0x0000000008003048                __preinit_array_start = .
 *(.preinit_array)
                0x0000000008003048                __preinit_array_end = .

.init_array     0x0000000008003048        0x0
                0x0000000008003048                . = ALIGN (0x4)
                0x0000000008003048                __init_array_start = .
 *(SORT_BY_NAME(.init_array.*))
 *(.init_array)
                0x0000000008003048                __init_array_end = .

.fini_array     0x0000000008003048        0x0
                0x0000000008003048                . = ALIGN (0x4)
                0x0000000008003048                __fini_array_start = .
 *(.fini_array)
 *(SORT_BY_NAME(.fini_array.*))
                0x0000000008003048                __fini_array_end = .

.ARM.extab
 *(.ARM.extab*)

.ARM.exidx      0x0000000008003048        0x0
                0x0000000008003048                __exidx_start = .
 *(.ARM.exidx*)
                0x0000000008003048                __exidx_end = .
                0x0000000008003048                . = ALIGN (0x4)
                0x0000000008003048                _etext = .

.data           0x0000000020000000       0x24 load address 0x0000000008003048
                0x0000000020000000                _data = .
 *(.data*)
 .data.uxCriticalNesting
                0x0000000020000000        0x4 rtos/port.o
 .data.usb_strings
                0x0000000020000004        0xc /mnt/c/Users/Formulatrix/Documents/PyRepo/stm32f1//rtos/libwwg/libwwg.a(usbcdc.o)
 .data.mcu_stdio
                0x0000000020000010        0x4 /mnt/c/Users/Formulatrix/Documents/PyRepo/stm32f1//rtos/libwwg/libwwg.a(mcuio.o)
                0x0000000020000010                mcu_stdio
 .data.mcu_usb  0x0000000020000014        0x4 /mnt/c/Users/Formulatrix/Documents/PyRepo/stm32f1//rtos/libwwg/libwwg.a(mcuio.o)
                0x0000000020000014                mcu_usb
 .data.rcc_ahb_frequency
                0x0000000020000018        0x4 /mnt/c/Users/Formulatrix/Documents/PyRepo/stm32f1/libopencm3/lib/libopencm3_stm32f1.a(rcc.o)
                0x0000000020000018                rcc_ahb_frequency
 .data.rcc_apb1_frequency
                0x000000002000001c        0x4 /mnt/c/Users/Formulatrix/Documents/PyRepo/stm32f1/libopencm3/lib/libopencm3_stm32f1.a(rcc.o)
                0x000000002000001c                rcc_apb1_frequency
 .data.rcc_apb2_frequency
                0x0000000020000020        0x4 /mnt/c/Users/Formulatrix/Documents/PyRepo/stm32f1/libopencm3/lib/libopencm3_stm32f1.a(rcc.o)
                0x0000000020000020                rcc_apb2_frequency
                0x0000000020000024                . = ALIGN (0x4)
                0x0000000020000024                _edata = .
                0x0000000008003048                _data_loadaddr = LOADADDR (.data)

.igot.plt       0x0000000020000024        0x0 load address 0x000000000800306c
 .igot.plt      0x0000000020000024        0x0 main.o

.bss            0x0000000020000024     0x46c4 load address 0x000000000800306c
 *(.bss*)
 .bss.xQueue    0x0000000020000024        0x4 main.o
 .bss.pxEnd     0x0000000020000028        0x4 rtos/heap_4.o
 .bss.ucHeap    0x000000002000002c     0x4400 rtos/heap_4.o
 .bss.xBlockAllocatedBit
                0x000000002000442c        0x4 rtos/heap_4.o
 .bss.xFreeBytesRemaining
                0x0000000020004430        0x4 rtos/heap_4.o
 .bss.xMinimumEverFreeBytesRemaining
                0x0000000020004434        0x4 rtos/heap_4.o
 .bss.xStart    0x0000000020004438        0x8 rtos/heap_4.o
 .bss.pxCurrentTCB
                0x0000000020004440        0x4 rtos/tasks.o
                0x0000000020004440                pxCurrentTCB
 .bss.pxDelayedTaskList
                0x0000000020004444        0x4 rtos/tasks.o
 .bss.pxOverflowDelayedTaskList
                0x0000000020004448        0x4 rtos/tasks.o
 .bss.pxReadyTasksLists
                0x000000002000444c       0x64 rtos/tasks.o
 .bss.uxCurrentNumberOfTasks
                0x00000000200044b0        0x4 rtos/tasks.o
 .bss.uxDeletedTasksWaitingCleanUp
                0x00000000200044b4        0x4 rtos/tasks.o
 .bss.uxPendedTicks
                0x00000000200044b8        0x4 rtos/tasks.o
 .bss.uxSchedulerSuspended
                0x00000000200044bc        0x4 rtos/tasks.o
 .bss.uxTaskNumber
                0x00000000200044c0        0x4 rtos/tasks.o
 .bss.uxTopReadyPriority
                0x00000000200044c4        0x4 rtos/tasks.o
 .bss.xDelayedTaskList1
                0x00000000200044c8       0x14 rtos/tasks.o
 .bss.xDelayedTaskList2
                0x00000000200044dc       0x14 rtos/tasks.o
 .bss.xIdleTaskHandle
                0x00000000200044f0        0x4 rtos/tasks.o
 .bss.xNextTaskUnblockTime
                0x00000000200044f4        0x4 rtos/tasks.o
 .bss.xNumOfOverflows
                0x00000000200044f8        0x4 rtos/tasks.o
 .bss.xPendingReadyList
                0x00000000200044fc       0x14 rtos/tasks.o
 .bss.xSchedulerRunning
                0x0000000020004510        0x4 rtos/tasks.o
 .bss.xSuspendedTaskList
                0x0000000020004514       0x14 rtos/tasks.o
 .bss.xTasksWaitingTermination
                0x0000000020004528       0x14 rtos/tasks.o
 .bss.xTickCount
                0x000000002000453c        0x4 rtos/tasks.o
 .bss.xYieldPending
                0x0000000020004540        0x4 rtos/tasks.o
 .bss.initialized
                0x0000000020004544        0x1 /mnt/c/Users/Formulatrix/Documents/PyRepo/stm32f1//rtos/libwwg/libwwg.a(usbcdc.o)
 *fill*         0x0000000020004545        0x3 
 .bss.usb_rxq   0x0000000020004548        0x4 /mnt/c/Users/Formulatrix/Documents/PyRepo/stm32f1//rtos/libwwg/libwwg.a(usbcdc.o)
 .bss.usb_txq   0x000000002000454c        0x4 /mnt/c/Users/Formulatrix/Documents/PyRepo/stm32f1//rtos/libwwg/libwwg.a(usbcdc.o)
 .bss.usbd_control_buffer
                0x0000000020004550       0x80 /mnt/c/Users/Formulatrix/Documents/PyRepo/stm32f1//rtos/libwwg/libwwg.a(usbcdc.o)
                0x0000000020004550                usbd_control_buffer
 .bss.uart_data
                0x00000000200045d0        0xc /mnt/c/Users/Formulatrix/Documents/PyRepo/stm32f1//rtos/libwwg/libwwg.a(uartlib.o)
 .bss.st_usbfs_dev
                0x00000000200045dc      0x104 /mnt/c/Users/Formulatrix/Documents/PyRepo/stm32f1/libopencm3/lib/libopencm3_stm32f1.a(st_usbfs_core.o)
                0x00000000200045dc                st_usbfs_dev
 .bss.st_usbfs_force_nak
                0x00000000200046e0        0x8 /mnt/c/Users/Formulatrix/Documents/PyRepo/stm32f1/libopencm3/lib/libopencm3_stm32f1.a(st_usbfs_core.o)
                0x00000000200046e0                st_usbfs_force_nak
 *(COMMON)
                0x00000000200046e8                . = ALIGN (0x4)
                0x00000000200046e8                _ebss = .

/DISCARD/
 *(.eh_frame)
                0x00000000200046e8                . = ALIGN (0x4)
                0x00000000200046e8                end = .
                0x0000000020005000                PROVIDE (_stack = (ORIGIN (ram) + LENGTH (ram)))
OUTPUT(main.elf elf32-littlearm)
LOAD linker stubs

.debug_info     0x0000000000000000    0x100ec
 .debug_info    0x0000000000000000      0x87e main.o
 .debug_info    0x000000000000087e      0x407 rtos/heap_4.o
 .debug_info    0x0000000000000c85      0x2c2 rtos/list.o
 .debug_info    0x0000000000000f47      0x31c rtos/port.o
 .debug_info    0x0000000000001263     0x1495 rtos/queue.o
 .debug_info    0x00000000000026f8     0x2148 rtos/tasks.o
 .debug_info    0x0000000000004840       0xf7 rtos/opencm3.o
 .debug_info    0x0000000000004937       0x26 /usr/lib/gcc/arm-none-eabi/10.3.1/../../../arm-none-eabi/lib/thumb/v7-m/nofp/libc.a(lib_a-memcpy.o)
 .debug_info    0x000000000000495d     0x12df /mnt/c/Users/Formulatrix/Documents/PyRepo/stm32f1//rtos/libwwg/libwwg.a(usbcdc.o)
 .debug_info    0x0000000000005c3c      0x92e /mnt/c/Users/Formulatrix/Documents/PyRepo/stm32f1//rtos/libwwg/libwwg.a(miniprintf.o)
 .debug_info    0x000000000000656a      0x394 /mnt/c/Users/Formulatrix/Documents/PyRepo/stm32f1//rtos/libwwg/libwwg.a(mcuio.o)
 .debug_info    0x00000000000068fe      0x2c5 /mnt/c/Users/Formulatrix/Documents/PyRepo/stm32f1//rtos/libwwg/libwwg.a(getline.o)
 .debug_info    0x0000000000006bc3     0x13e3 /mnt/c/Users/Formulatrix/Documents/PyRepo/stm32f1//rtos/libwwg/libwwg.a(uartlib.o)
 .debug_info    0x0000000000007fa6      0x1ec /mnt/c/Users/Formulatrix/Documents/PyRepo/stm32f1/libopencm3/lib/libopencm3_stm32f1.a(gpio.o)
 .debug_info    0x0000000000008192      0x24e /mnt/c/Users/Formulatrix/Documents/PyRepo/stm32f1/libopencm3/lib/libopencm3_stm32f1.a(gpio_common_all.o)
 .debug_info    0x00000000000083e0     0x155c /mnt/c/Users/Formulatrix/Documents/PyRepo/stm32f1/libopencm3/lib/libopencm3_stm32f1.a(rcc.o)
 .debug_info    0x000000000000993c      0x619 /mnt/c/Users/Formulatrix/Documents/PyRepo/stm32f1/libopencm3/lib/libopencm3_stm32f1.a(rcc_common_all.o)
 .debug_info    0x0000000000009f55      0x66e /mnt/c/Users/Formulatrix/Documents/PyRepo/stm32f1/libopencm3/lib/libopencm3_stm32f1.a(usart_common_all.o)
 .debug_info    0x000000000000a5c3      0x186 /mnt/c/Users/Formulatrix/Documents/PyRepo/stm32f1/libopencm3/lib/libopencm3_stm32f1.a(usart_common_f124.o)
 .debug_info    0x000000000000a749      0xf5a /mnt/c/Users/Formulatrix/Documents/PyRepo/stm32f1/libopencm3/lib/libopencm3_stm32f1.a(usb.o)
 .debug_info    0x000000000000b6a3     0x1039 /mnt/c/Users/Formulatrix/Documents/PyRepo/stm32f1/libopencm3/lib/libopencm3_stm32f1.a(usb_control.o)
 .debug_info    0x000000000000c6dc     0x1668 /mnt/c/Users/Formulatrix/Documents/PyRepo/stm32f1/libopencm3/lib/libopencm3_stm32f1.a(usb_standard.o)
 .debug_info    0x000000000000dd44      0xd78 /mnt/c/Users/Formulatrix/Documents/PyRepo/stm32f1/libopencm3/lib/libopencm3_stm32f1.a(st_usbfs_v1.o)
 .debug_info    0x000000000000eabc      0x2d1 /mnt/c/Users/Formulatrix/Documents/PyRepo/stm32f1/libopencm3/lib/libopencm3_stm32f1.a(vector.o)
 .debug_info    0x000000000000ed8d       0xea /mnt/c/Users/Formulatrix/Documents/PyRepo/stm32f1/libopencm3/lib/libopencm3_stm32f1.a(flash_common_all.o)
 .debug_info    0x000000000000ee77     0x1067 /mnt/c/Users/Formulatrix/Documents/PyRepo/stm32f1/libopencm3/lib/libopencm3_stm32f1.a(st_usbfs_core.o)
 .debug_info    0x000000000000fede      0x152 /usr/lib/gcc/arm-none-eabi/10.3.1/../../../arm-none-eabi/lib/thumb/v7-m/nofp/libc.a(lib_a-memmove.o)
 .debug_info    0x0000000000010030       0xbc /usr/lib/gcc/arm-none-eabi/10.3.1/../../../arm-none-eabi/lib/thumb/v7-m/nofp/libc.a(lib_a-strlen-stub.o)

.debug_abbrev   0x0000000000000000     0x377f
 .debug_abbrev  0x0000000000000000      0x24a main.o
 .debug_abbrev  0x000000000000024a      0x233 rtos/heap_4.o
 .debug_abbrev  0x000000000000047d       0xff rtos/list.o
 .debug_abbrev  0x000000000000057c      0x223 rtos/port.o
 .debug_abbrev  0x000000000000079f      0x2c6 rtos/queue.o
 .debug_abbrev  0x0000000000000a65      0x421 rtos/tasks.o
 .debug_abbrev  0x0000000000000e86       0x67 rtos/opencm3.o
 .debug_abbrev  0x0000000000000eed       0x14 /usr/lib/gcc/arm-none-eabi/10.3.1/../../../arm-none-eabi/lib/thumb/v7-m/nofp/libc.a(lib_a-memcpy.o)
 .debug_abbrev  0x0000000000000f01      0x3ab /mnt/c/Users/Formulatrix/Documents/PyRepo/stm32f1//rtos/libwwg/libwwg.a(usbcdc.o)
 .debug_abbrev  0x00000000000012ac      0x390 /mnt/c/Users/Formulatrix/Documents/PyRepo/stm32f1//rtos/libwwg/libwwg.a(miniprintf.o)
 .debug_abbrev  0x000000000000163c      0x181 /mnt/c/Users/Formulatrix/Documents/PyRepo/stm32f1//rtos/libwwg/libwwg.a(mcuio.o)
 .debug_abbrev  0x00000000000017bd      0x11a /mnt/c/Users/Formulatrix/Documents/PyRepo/stm32f1//rtos/libwwg/libwwg.a(getline.o)
 .debug_abbrev  0x00000000000018d7      0x35c /mnt/c/Users/Formulatrix/Documents/PyRepo/stm32f1//rtos/libwwg/libwwg.a(uartlib.o)
 .debug_abbrev  0x0000000000001c33       0xd0 /mnt/c/Users/Formulatrix/Documents/PyRepo/stm32f1/libopencm3/lib/libopencm3_stm32f1.a(gpio.o)
 .debug_abbrev  0x0000000000001d03      0x116 /mnt/c/Users/Formulatrix/Documents/PyRepo/stm32f1/libopencm3/lib/libopencm3_stm32f1.a(gpio_common_all.o)
 .debug_abbrev  0x0000000000001e19      0x282 /mnt/c/Users/Formulatrix/Documents/PyRepo/stm32f1/libopencm3/lib/libopencm3_stm32f1.a(rcc.o)
 .debug_abbrev  0x000000000000209b      0x17c /mnt/c/Users/Formulatrix/Documents/PyRepo/stm32f1/libopencm3/lib/libopencm3_stm32f1.a(rcc_common_all.o)
 .debug_abbrev  0x0000000000002217      0x16d /mnt/c/Users/Formulatrix/Documents/PyRepo/stm32f1/libopencm3/lib/libopencm3_stm32f1.a(usart_common_all.o)
 .debug_abbrev  0x0000000000002384       0xb5 /mnt/c/Users/Formulatrix/Documents/PyRepo/stm32f1/libopencm3/lib/libopencm3_stm32f1.a(usart_common_f124.o)
 .debug_abbrev  0x0000000000002439      0x27c /mnt/c/Users/Formulatrix/Documents/PyRepo/stm32f1/libopencm3/lib/libopencm3_stm32f1.a(usb.o)
 .debug_abbrev  0x00000000000026b5      0x3a8 /mnt/c/Users/Formulatrix/Documents/PyRepo/stm32f1/libopencm3/lib/libopencm3_stm32f1.a(usb_control.o)
 .debug_abbrev  0x0000000000002a5d      0x4a9 /mnt/c/Users/Formulatrix/Documents/PyRepo/stm32f1/libopencm3/lib/libopencm3_stm32f1.a(usb_standard.o)
 .debug_abbrev  0x0000000000002f06      0x277 /mnt/c/Users/Formulatrix/Documents/PyRepo/stm32f1/libopencm3/lib/libopencm3_stm32f1.a(st_usbfs_v1.o)
 .debug_abbrev  0x000000000000317d      0x145 /mnt/c/Users/Formulatrix/Documents/PyRepo/stm32f1/libopencm3/lib/libopencm3_stm32f1.a(vector.o)
 .debug_abbrev  0x00000000000032c2       0x97 /mnt/c/Users/Formulatrix/Documents/PyRepo/stm32f1/libopencm3/lib/libopencm3_stm32f1.a(flash_common_all.o)
 .debug_abbrev  0x0000000000003359      0x2ed /mnt/c/Users/Formulatrix/Documents/PyRepo/stm32f1/libopencm3/lib/libopencm3_stm32f1.a(st_usbfs_core.o)
 .debug_abbrev  0x0000000000003646       0xc0 /usr/lib/gcc/arm-none-eabi/10.3.1/../../../arm-none-eabi/lib/thumb/v7-m/nofp/libc.a(lib_a-memmove.o)
 .debug_abbrev  0x0000000000003706       0x79 /usr/lib/gcc/arm-none-eabi/10.3.1/../../../arm-none-eabi/lib/thumb/v7-m/nofp/libc.a(lib_a-strlen-stub.o)

.debug_loc      0x0000000000000000     0x8690
 .debug_loc     0x0000000000000000       0xdb main.o
 .debug_loc     0x00000000000000db      0x3a1 rtos/heap_4.o
 .debug_loc     0x000000000000047c       0xaf rtos/list.o
 .debug_loc     0x000000000000052b       0xbe rtos/port.o
 .debug_loc     0x00000000000005e9     0x106a rtos/queue.o
 .debug_loc     0x0000000000001653     0x1745 rtos/tasks.o
 .debug_loc     0x0000000000002d98      0x4ea /mnt/c/Users/Formulatrix/Documents/PyRepo/stm32f1//rtos/libwwg/libwwg.a(usbcdc.o)
 .debug_loc     0x0000000000003282      0xa2a /mnt/c/Users/Formulatrix/Documents/PyRepo/stm32f1//rtos/libwwg/libwwg.a(miniprintf.o)
 .debug_loc     0x0000000000003cac       0x4f /mnt/c/Users/Formulatrix/Documents/PyRepo/stm32f1//rtos/libwwg/libwwg.a(mcuio.o)
 .debug_loc     0x0000000000003cfb      0x2d5 /mnt/c/Users/Formulatrix/Documents/PyRepo/stm32f1//rtos/libwwg/libwwg.a(getline.o)
 .debug_loc     0x0000000000003fd0      0xda9 /mnt/c/Users/Formulatrix/Documents/PyRepo/stm32f1//rtos/libwwg/libwwg.a(uartlib.o)
 .debug_loc     0x0000000000004d79      0x14c /mnt/c/Users/Formulatrix/Documents/PyRepo/stm32f1/libopencm3/lib/libopencm3_stm32f1.a(gpio.o)
 .debug_loc     0x0000000000004ec5       0xbe /mnt/c/Users/Formulatrix/Documents/PyRepo/stm32f1/libopencm3/lib/libopencm3_stm32f1.a(gpio_common_all.o)
 .debug_loc     0x0000000000004f83      0x3d0 /mnt/c/Users/Formulatrix/Documents/PyRepo/stm32f1/libopencm3/lib/libopencm3_stm32f1.a(rcc.o)
 .debug_loc     0x0000000000005353       0x94 /mnt/c/Users/Formulatrix/Documents/PyRepo/stm32f1/libopencm3/lib/libopencm3_stm32f1.a(rcc_common_all.o)
 .debug_loc     0x00000000000053e7      0x238 /mnt/c/Users/Formulatrix/Documents/PyRepo/stm32f1/libopencm3/lib/libopencm3_stm32f1.a(usart_common_all.o)
 .debug_loc     0x000000000000561f       0x99 /mnt/c/Users/Formulatrix/Documents/PyRepo/stm32f1/libopencm3/lib/libopencm3_stm32f1.a(usart_common_f124.o)
 .debug_loc     0x00000000000056b8      0x544 /mnt/c/Users/Formulatrix/Documents/PyRepo/stm32f1/libopencm3/lib/libopencm3_stm32f1.a(usb.o)
 .debug_loc     0x0000000000005bfc      0x861 /mnt/c/Users/Formulatrix/Documents/PyRepo/stm32f1/libopencm3/lib/libopencm3_stm32f1.a(usb_control.o)
 .debug_loc     0x000000000000645d     0x133d /mnt/c/Users/Formulatrix/Documents/PyRepo/stm32f1/libopencm3/lib/libopencm3_stm32f1.a(usb_standard.o)
 .debug_loc     0x000000000000779a      0x1de /mnt/c/Users/Formulatrix/Documents/PyRepo/stm32f1/libopencm3/lib/libopencm3_stm32f1.a(st_usbfs_v1.o)
 .debug_loc     0x0000000000007978      0x128 /mnt/c/Users/Formulatrix/Documents/PyRepo/stm32f1/libopencm3/lib/libopencm3_stm32f1.a(vector.o)
 .debug_loc     0x0000000000007aa0       0x15 /mnt/c/Users/Formulatrix/Documents/PyRepo/stm32f1/libopencm3/lib/libopencm3_stm32f1.a(flash_common_all.o)
 .debug_loc     0x0000000000007ab5      0x885 /mnt/c/Users/Formulatrix/Documents/PyRepo/stm32f1/libopencm3/lib/libopencm3_stm32f1.a(st_usbfs_core.o)
 .debug_loc     0x000000000000833a      0x331 /usr/lib/gcc/arm-none-eabi/10.3.1/../../../arm-none-eabi/lib/thumb/v7-m/nofp/libc.a(lib_a-memmove.o)
 .debug_loc     0x000000000000866b       0x25 /usr/lib/gcc/arm-none-eabi/10.3.1/../../../arm-none-eabi/lib/thumb/v7-m/nofp/libc.a(lib_a-strlen-stub.o)

.debug_aranges  0x0000000000000000      0xc48
 .debug_aranges
                0x0000000000000000       0x38 main.o
 .debug_aranges
                0x0000000000000038       0x48 rtos/heap_4.o
 .debug_aranges
                0x0000000000000080       0x40 rtos/list.o
 .debug_aranges
                0x00000000000000c0       0x70 rtos/port.o
 .debug_aranges
                0x0000000000000130       0xa8 rtos/queue.o
 .debug_aranges
                0x00000000000001d8      0x158 rtos/tasks.o
 .debug_aranges
                0x0000000000000330       0x30 rtos/opencm3.o
 .debug_aranges
                0x0000000000000360       0x20 /usr/lib/gcc/arm-none-eabi/10.3.1/../../../arm-none-eabi/lib/thumb/v7-m/nofp/libc.a(lib_a-memcpy.o)
 .debug_aranges
                0x0000000000000380       0x98 /mnt/c/Users/Formulatrix/Documents/PyRepo/stm32f1//rtos/libwwg/libwwg.a(usbcdc.o)
 .debug_aranges
                0x0000000000000418       0x58 /mnt/c/Users/Formulatrix/Documents/PyRepo/stm32f1//rtos/libwwg/libwwg.a(miniprintf.o)
 .debug_aranges
                0x0000000000000470       0x28 /mnt/c/Users/Formulatrix/Documents/PyRepo/stm32f1//rtos/libwwg/libwwg.a(mcuio.o)
 .debug_aranges
                0x0000000000000498       0x20 /mnt/c/Users/Formulatrix/Documents/PyRepo/stm32f1//rtos/libwwg/libwwg.a(getline.o)
 .debug_aranges
                0x00000000000004b8      0x140 /mnt/c/Users/Formulatrix/Documents/PyRepo/stm32f1//rtos/libwwg/libwwg.a(uartlib.o)
 .debug_aranges
                0x00000000000005f8       0x38 /mnt/c/Users/Formulatrix/Documents/PyRepo/stm32f1/libopencm3/lib/libopencm3_stm32f1.a(gpio.o)
 .debug_aranges
                0x0000000000000630       0x50 /mnt/c/Users/Formulatrix/Documents/PyRepo/stm32f1/libopencm3/lib/libopencm3_stm32f1.a(gpio_common_all.o)
 .debug_aranges
                0x0000000000000680      0x170 /mnt/c/Users/Formulatrix/Documents/PyRepo/stm32f1/libopencm3/lib/libopencm3_stm32f1.a(rcc.o)
 .debug_aranges
                0x00000000000007f0       0x60 /mnt/c/Users/Formulatrix/Documents/PyRepo/stm32f1/libopencm3/lib/libopencm3_stm32f1.a(rcc_common_all.o)
 .debug_aranges
                0x0000000000000850       0xf0 /mnt/c/Users/Formulatrix/Documents/PyRepo/stm32f1/libopencm3/lib/libopencm3_stm32f1.a(usart_common_all.o)
 .debug_aranges
                0x0000000000000940       0x40 /mnt/c/Users/Formulatrix/Documents/PyRepo/stm32f1/libopencm3/lib/libopencm3_stm32f1.a(usart_common_f124.o)
 .debug_aranges
                0x0000000000000980       0x90 /mnt/c/Users/Formulatrix/Documents/PyRepo/stm32f1/libopencm3/lib/libopencm3_stm32f1.a(usb.o)
 .debug_aranges
                0x0000000000000a10       0x60 /mnt/c/Users/Formulatrix/Documents/PyRepo/stm32f1/libopencm3/lib/libopencm3_stm32f1.a(usb_control.o)
 .debug_aranges
                0x0000000000000a70       0x98 /mnt/c/Users/Formulatrix/Documents/PyRepo/stm32f1/libopencm3/lib/libopencm3_stm32f1.a(usb_standard.o)
 .debug_aranges
                0x0000000000000b08       0x30 /mnt/c/Users/Formulatrix/Documents/PyRepo/stm32f1/libopencm3/lib/libopencm3_stm32f1.a(st_usbfs_v1.o)
 .debug_aranges
                0x0000000000000b38       0x30 /mnt/c/Users/Formulatrix/Documents/PyRepo/stm32f1/libopencm3/lib/libopencm3_stm32f1.a(vector.o)
 .debug_aranges
                0x0000000000000b68       0x38 /mnt/c/Users/Formulatrix/Documents/PyRepo/stm32f1/libopencm3/lib/libopencm3_stm32f1.a(flash_common_all.o)
 .debug_aranges
                0x0000000000000ba0       0x68 /mnt/c/Users/Formulatrix/Documents/PyRepo/stm32f1/libopencm3/lib/libopencm3_stm32f1.a(st_usbfs_core.o)
 .debug_aranges
                0x0000000000000c08       0x20 /usr/lib/gcc/arm-none-eabi/10.3.1/../../../arm-none-eabi/lib/thumb/v7-m/nofp/libc.a(lib_a-memmove.o)
 .debug_aranges
                0x0000000000000c28       0x20 /usr/lib/gcc/arm-none-eabi/10.3.1/../../../arm-none-eabi/lib/thumb/v7-m/nofp/libc.a(lib_a-strlen-stub.o)

.debug_ranges   0x0000000000000000     0x10c0
 .debug_ranges  0x0000000000000000       0x78 main.o
 .debug_ranges  0x0000000000000078       0x38 rtos/heap_4.o
 .debug_ranges  0x00000000000000b0       0x30 rtos/list.o
 .debug_ranges  0x00000000000000e0       0x78 rtos/port.o
 .debug_ranges  0x0000000000000158      0x208 rtos/queue.o
 .debug_ranges  0x0000000000000360      0x2c0 rtos/tasks.o
 .debug_ranges  0x0000000000000620       0x20 rtos/opencm3.o
 .debug_ranges  0x0000000000000640       0xa0 /mnt/c/Users/Formulatrix/Documents/PyRepo/stm32f1//rtos/libwwg/libwwg.a(usbcdc.o)
 .debug_ranges  0x00000000000006e0       0x90 /mnt/c/Users/Formulatrix/Documents/PyRepo/stm32f1//rtos/libwwg/libwwg.a(miniprintf.o)
 .debug_ranges  0x0000000000000770       0x18 /mnt/c/Users/Formulatrix/Documents/PyRepo/stm32f1//rtos/libwwg/libwwg.a(mcuio.o)
 .debug_ranges  0x0000000000000788       0x58 /mnt/c/Users/Formulatrix/Documents/PyRepo/stm32f1//rtos/libwwg/libwwg.a(getline.o)
 .debug_ranges  0x00000000000007e0      0x148 /mnt/c/Users/Formulatrix/Documents/PyRepo/stm32f1//rtos/libwwg/libwwg.a(uartlib.o)
 .debug_ranges  0x0000000000000928       0x28 /mnt/c/Users/Formulatrix/Documents/PyRepo/stm32f1/libopencm3/lib/libopencm3_stm32f1.a(gpio.o)
 .debug_ranges  0x0000000000000950       0x40 /mnt/c/Users/Formulatrix/Documents/PyRepo/stm32f1/libopencm3/lib/libopencm3_stm32f1.a(gpio_common_all.o)
 .debug_ranges  0x0000000000000990      0x208 /mnt/c/Users/Formulatrix/Documents/PyRepo/stm32f1/libopencm3/lib/libopencm3_stm32f1.a(rcc.o)
 .debug_ranges  0x0000000000000b98       0x50 /mnt/c/Users/Formulatrix/Documents/PyRepo/stm32f1/libopencm3/lib/libopencm3_stm32f1.a(rcc_common_all.o)
 .debug_ranges  0x0000000000000be8       0xe0 /mnt/c/Users/Formulatrix/Documents/PyRepo/stm32f1/libopencm3/lib/libopencm3_stm32f1.a(usart_common_all.o)
 .debug_ranges  0x0000000000000cc8       0x30 /mnt/c/Users/Formulatrix/Documents/PyRepo/stm32f1/libopencm3/lib/libopencm3_stm32f1.a(usart_common_f124.o)
 .debug_ranges  0x0000000000000cf8       0x80 /mnt/c/Users/Formulatrix/Documents/PyRepo/stm32f1/libopencm3/lib/libopencm3_stm32f1.a(usb.o)
 .debug_ranges  0x0000000000000d78       0xa8 /mnt/c/Users/Formulatrix/Documents/PyRepo/stm32f1/libopencm3/lib/libopencm3_stm32f1.a(usb_control.o)
 .debug_ranges  0x0000000000000e20      0x120 /mnt/c/Users/Formulatrix/Documents/PyRepo/stm32f1/libopencm3/lib/libopencm3_stm32f1.a(usb_standard.o)
 .debug_ranges  0x0000000000000f40       0x20 /mnt/c/Users/Formulatrix/Documents/PyRepo/stm32f1/libopencm3/lib/libopencm3_stm32f1.a(st_usbfs_v1.o)
 .debug_ranges  0x0000000000000f60       0x20 /mnt/c/Users/Formulatrix/Documents/PyRepo/stm32f1/libopencm3/lib/libopencm3_stm32f1.a(vector.o)
 .debug_ranges  0x0000000000000f80       0x28 /mnt/c/Users/Formulatrix/Documents/PyRepo/stm32f1/libopencm3/lib/libopencm3_stm32f1.a(flash_common_all.o)
 .debug_ranges  0x0000000000000fa8      0x108 /mnt/c/Users/Formulatrix/Documents/PyRepo/stm32f1/libopencm3/lib/libopencm3_stm32f1.a(st_usbfs_core.o)
 .debug_ranges  0x00000000000010b0       0x10 /usr/lib/gcc/arm-none-eabi/10.3.1/../../../arm-none-eabi/lib/thumb/v7-m/nofp/libc.a(lib_a-strlen-stub.o)

.debug_line     0x0000000000000000     0x8d65
 .debug_line    0x0000000000000000      0x3b9 main.o
 .debug_line    0x00000000000003b9      0x3b6 rtos/heap_4.o
 .debug_line    0x000000000000076f      0x218 rtos/list.o
 .debug_line    0x0000000000000987      0x2af rtos/port.o
 .debug_line    0x0000000000000c36      0xb5d rtos/queue.o
 .debug_line    0x0000000000001793     0x1790 rtos/tasks.o
 .debug_line    0x0000000000002f23       0x6b rtos/opencm3.o
 .debug_line    0x0000000000002f8e       0xc1 /usr/lib/gcc/arm-none-eabi/10.3.1/../../../arm-none-eabi/lib/thumb/v7-m/nofp/libc.a(lib_a-memcpy.o)
 .debug_line    0x000000000000304f      0x5d4 /mnt/c/Users/Formulatrix/Documents/PyRepo/stm32f1//rtos/libwwg/libwwg.a(usbcdc.o)
 .debug_line    0x0000000000003623      0x52a /mnt/c/Users/Formulatrix/Documents/PyRepo/stm32f1//rtos/libwwg/libwwg.a(miniprintf.o)
 .debug_line    0x0000000000003b4d      0x10b /mnt/c/Users/Formulatrix/Documents/PyRepo/stm32f1//rtos/libwwg/libwwg.a(mcuio.o)
 .debug_line    0x0000000000003c58      0x2d6 /mnt/c/Users/Formulatrix/Documents/PyRepo/stm32f1//rtos/libwwg/libwwg.a(getline.o)
 .debug_line    0x0000000000003f2e      0x96d /mnt/c/Users/Formulatrix/Documents/PyRepo/stm32f1//rtos/libwwg/libwwg.a(uartlib.o)
 .debug_line    0x000000000000489b      0x271 /mnt/c/Users/Formulatrix/Documents/PyRepo/stm32f1/libopencm3/lib/libopencm3_stm32f1.a(gpio.o)
 .debug_line    0x0000000000004b0c      0x27b /mnt/c/Users/Formulatrix/Documents/PyRepo/stm32f1/libopencm3/lib/libopencm3_stm32f1.a(gpio_common_all.o)
 .debug_line    0x0000000000004d87      0xc2d /mnt/c/Users/Formulatrix/Documents/PyRepo/stm32f1/libopencm3/lib/libopencm3_stm32f1.a(rcc.o)
 .debug_line    0x00000000000059b4      0x2da /mnt/c/Users/Formulatrix/Documents/PyRepo/stm32f1/libopencm3/lib/libopencm3_stm32f1.a(rcc_common_all.o)
 .debug_line    0x0000000000005c8e      0x545 /mnt/c/Users/Formulatrix/Documents/PyRepo/stm32f1/libopencm3/lib/libopencm3_stm32f1.a(usart_common_all.o)
 .debug_line    0x00000000000061d3      0x270 /mnt/c/Users/Formulatrix/Documents/PyRepo/stm32f1/libopencm3/lib/libopencm3_stm32f1.a(usart_common_f124.o)
 .debug_line    0x0000000000006443      0x471 /mnt/c/Users/Formulatrix/Documents/PyRepo/stm32f1/libopencm3/lib/libopencm3_stm32f1.a(usb.o)
 .debug_line    0x00000000000068b4      0x657 /mnt/c/Users/Formulatrix/Documents/PyRepo/stm32f1/libopencm3/lib/libopencm3_stm32f1.a(usb_control.o)
 .debug_line    0x0000000000006f0b      0xc03 /mnt/c/Users/Formulatrix/Documents/PyRepo/stm32f1/libopencm3/lib/libopencm3_stm32f1.a(usb_standard.o)
 .debug_line    0x0000000000007b0e      0x30f /mnt/c/Users/Formulatrix/Documents/PyRepo/stm32f1/libopencm3/lib/libopencm3_stm32f1.a(st_usbfs_v1.o)
 .debug_line    0x0000000000007e1d      0x306 /mnt/c/Users/Formulatrix/Documents/PyRepo/stm32f1/libopencm3/lib/libopencm3_stm32f1.a(vector.o)
 .debug_line    0x0000000000008123      0x22c /mnt/c/Users/Formulatrix/Documents/PyRepo/stm32f1/libopencm3/lib/libopencm3_stm32f1.a(flash_common_all.o)
 .debug_line    0x000000000000834f      0x71c /mnt/c/Users/Formulatrix/Documents/PyRepo/stm32f1/libopencm3/lib/libopencm3_stm32f1.a(st_usbfs_core.o)
 .debug_line    0x0000000000008a6b      0x206 /usr/lib/gcc/arm-none-eabi/10.3.1/../../../arm-none-eabi/lib/thumb/v7-m/nofp/libc.a(lib_a-memmove.o)
 .debug_line    0x0000000000008c71       0xf4 /usr/lib/gcc/arm-none-eabi/10.3.1/../../../arm-none-eabi/lib/thumb/v7-m/nofp/libc.a(lib_a-strlen-stub.o)

.debug_str      0x0000000000000000    0x165a8
 .debug_str     0x0000000000000000      0x65a main.o
                                        0x73d (size before relaxing)
 .debug_str     0x000000000000065a      0x1eb rtos/heap_4.o
                                        0x373 (size before relaxing)
 .debug_str     0x0000000000000845      0x11e rtos/list.o
                                        0x2cd (size before relaxing)
 .debug_str     0x0000000000000963      0x183 rtos/port.o
                                        0x327 (size before relaxing)
 .debug_str     0x0000000000000ae6      0x466 rtos/queue.o
                                        0x7dc (size before relaxing)
 .debug_str     0x0000000000000f4c      0x823 rtos/tasks.o
                                        0xdbc (size before relaxing)
 .debug_str     0x000000000000176f       0x40 rtos/opencm3.o
                                        0x1f0 (size before relaxing)
 .debug_str     0x00000000000017af       0xad /usr/lib/gcc/arm-none-eabi/10.3.1/../../../arm-none-eabi/lib/thumb/v7-m/nofp/libc.a(lib_a-memcpy.o)
 .debug_str     0x000000000000185c      0x6bc /mnt/c/Users/Formulatrix/Documents/PyRepo/stm32f1//rtos/libwwg/libwwg.a(usbcdc.o)
                                        0xc5f (size before relaxing)
 .debug_str     0x0000000000001f18      0x106 /mnt/c/Users/Formulatrix/Documents/PyRepo/stm32f1//rtos/libwwg/libwwg.a(miniprintf.o)
                                        0x2c6 (size before relaxing)
 .debug_str     0x000000000000201e       0x57 /mnt/c/Users/Formulatrix/Documents/PyRepo/stm32f1//rtos/libwwg/libwwg.a(mcuio.o)
                                        0x26b (size before relaxing)
 .debug_str     0x0000000000002075       0x25 /mnt/c/Users/Formulatrix/Documents/PyRepo/stm32f1//rtos/libwwg/libwwg.a(getline.o)
                                        0x189 (size before relaxing)
 .debug_str     0x000000000000209a      0x32d /mnt/c/Users/Formulatrix/Documents/PyRepo/stm32f1//rtos/libwwg/libwwg.a(uartlib.o)
                                        0x866 (size before relaxing)
 .debug_str     0x00000000000023c7     0x7f80 /mnt/c/Users/Formulatrix/Documents/PyRepo/stm32f1/libopencm3/lib/libopencm3_stm32f1.a(gpio.o)
                                       0x8128 (size before relaxing)
 .debug_str     0x000000000000a347       0x74 /mnt/c/Users/Formulatrix/Documents/PyRepo/stm32f1/libopencm3/lib/libopencm3_stm32f1.a(gpio_common_all.o)
                                       0x8126 (size before relaxing)
 .debug_str     0x000000000000a3bb     0x3387 /mnt/c/Users/Formulatrix/Documents/PyRepo/stm32f1/libopencm3/lib/libopencm3_stm32f1.a(rcc.o)
                                       0x7d88 (size before relaxing)
 .debug_str     0x000000000000d742      0x379 /mnt/c/Users/Formulatrix/Documents/PyRepo/stm32f1/libopencm3/lib/libopencm3_stm32f1.a(rcc_common_all.o)
                                       0x748b (size before relaxing)
 .debug_str     0x000000000000dabb     0x1169 /mnt/c/Users/Formulatrix/Documents/PyRepo/stm32f1/libopencm3/lib/libopencm3_stm32f1.a(usart_common_all.o)
                                       0x80de (size before relaxing)
 .debug_str     0x000000000000ec24       0x2d /mnt/c/Users/Formulatrix/Documents/PyRepo/stm32f1/libopencm3/lib/libopencm3_stm32f1.a(usart_common_f124.o)
                                       0x7e4a (size before relaxing)
 .debug_str     0x000000000000ec51     0x3808 /mnt/c/Users/Formulatrix/Documents/PyRepo/stm32f1/libopencm3/lib/libopencm3_stm32f1.a(usb.o)
                                       0x784e (size before relaxing)
 .debug_str     0x0000000000012459      0x1a2 /mnt/c/Users/Formulatrix/Documents/PyRepo/stm32f1/libopencm3/lib/libopencm3_stm32f1.a(usb_control.o)
                                       0x7867 (size before relaxing)
 .debug_str     0x00000000000125fb      0x2a4 /mnt/c/Users/Formulatrix/Documents/PyRepo/stm32f1/libopencm3/lib/libopencm3_stm32f1.a(usb_standard.o)
                                       0x799a (size before relaxing)
 .debug_str     0x000000000001289f     0x1581 /mnt/c/Users/Formulatrix/Documents/PyRepo/stm32f1/libopencm3/lib/libopencm3_stm32f1.a(st_usbfs_v1.o)
                                       0x95e7 (size before relaxing)
 .debug_str     0x0000000000013e20     0x2489 /mnt/c/Users/Formulatrix/Documents/PyRepo/stm32f1/libopencm3/lib/libopencm3_stm32f1.a(vector.o)
                                       0x6177 (size before relaxing)
 .debug_str     0x00000000000162a9       0x64 /mnt/c/Users/Formulatrix/Documents/PyRepo/stm32f1/libopencm3/lib/libopencm3_stm32f1.a(flash_common_all.o)
                                       0x5076 (size before relaxing)
 .debug_str     0x000000000001630d      0x12c /mnt/c/Users/Formulatrix/Documents/PyRepo/stm32f1/libopencm3/lib/libopencm3_stm32f1.a(st_usbfs_core.o)
                                       0x94f3 (size before relaxing)
 .debug_str     0x0000000000016439      0x12e /usr/lib/gcc/arm-none-eabi/10.3.1/../../../arm-none-eabi/lib/thumb/v7-m/nofp/libc.a(lib_a-memmove.o)
                                        0x1d2 (size before relaxing)
 .debug_str     0x0000000000016567       0x41 /usr/lib/gcc/arm-none-eabi/10.3.1/../../../arm-none-eabi/lib/thumb/v7-m/nofp/libc.a(lib_a-strlen-stub.o)
                                        0x1b1 (size before relaxing)

.comment        0x0000000000000000       0x33
 .comment       0x0000000000000000       0x33 main.o
                                         0x34 (size before relaxing)
 .comment       0x0000000000000033       0x34 rtos/heap_4.o
 .comment       0x0000000000000033       0x34 rtos/list.o
 .comment       0x0000000000000033       0x34 rtos/port.o
 .comment       0x0000000000000033       0x34 rtos/queue.o
 .comment       0x0000000000000033       0x34 rtos/tasks.o
 .comment       0x0000000000000033       0x34 rtos/opencm3.o
 .comment       0x0000000000000033       0x34 /mnt/c/Users/Formulatrix/Documents/PyRepo/stm32f1//rtos/libwwg/libwwg.a(usbcdc.o)
 .comment       0x0000000000000033       0x34 /mnt/c/Users/Formulatrix/Documents/PyRepo/stm32f1//rtos/libwwg/libwwg.a(miniprintf.o)
 .comment       0x0000000000000033       0x34 /mnt/c/Users/Formulatrix/Documents/PyRepo/stm32f1//rtos/libwwg/libwwg.a(mcuio.o)
 .comment       0x0000000000000033       0x34 /mnt/c/Users/Formulatrix/Documents/PyRepo/stm32f1//rtos/libwwg/libwwg.a(getline.o)
 .comment       0x0000000000000033       0x34 /mnt/c/Users/Formulatrix/Documents/PyRepo/stm32f1//rtos/libwwg/libwwg.a(uartlib.o)
 .comment       0x0000000000000033       0x34 /mnt/c/Users/Formulatrix/Documents/PyRepo/stm32f1/libopencm3/lib/libopencm3_stm32f1.a(gpio.o)
 .comment       0x0000000000000033       0x34 /mnt/c/Users/Formulatrix/Documents/PyRepo/stm32f1/libopencm3/lib/libopencm3_stm32f1.a(gpio_common_all.o)
 .comment       0x0000000000000033       0x34 /mnt/c/Users/Formulatrix/Documents/PyRepo/stm32f1/libopencm3/lib/libopencm3_stm32f1.a(rcc.o)
 .comment       0x0000000000000033       0x34 /mnt/c/Users/Formulatrix/Documents/PyRepo/stm32f1/libopencm3/lib/libopencm3_stm32f1.a(rcc_common_all.o)
 .comment       0x0000000000000033       0x34 /mnt/c/Users/Formulatrix/Documents/PyRepo/stm32f1/libopencm3/lib/libopencm3_stm32f1.a(usart_common_all.o)
 .comment       0x0000000000000033       0x34 /mnt/c/Users/Formulatrix/Documents/PyRepo/stm32f1/libopencm3/lib/libopencm3_stm32f1.a(usart_common_f124.o)
 .comment       0x0000000000000033       0x34 /mnt/c/Users/Formulatrix/Documents/PyRepo/stm32f1/libopencm3/lib/libopencm3_stm32f1.a(usb.o)
 .comment       0x0000000000000033       0x34 /mnt/c/Users/Formulatrix/Documents/PyRepo/stm32f1/libopencm3/lib/libopencm3_stm32f1.a(usb_control.o)
 .comment       0x0000000000000033       0x34 /mnt/c/Users/Formulatrix/Documents/PyRepo/stm32f1/libopencm3/lib/libopencm3_stm32f1.a(usb_standard.o)
 .comment       0x0000000000000033       0x34 /mnt/c/Users/Formulatrix/Documents/PyRepo/stm32f1/libopencm3/lib/libopencm3_stm32f1.a(st_usbfs_v1.o)
 .comment       0x0000000000000033       0x34 /mnt/c/Users/Formulatrix/Documents/PyRepo/stm32f1/libopencm3/lib/libopencm3_stm32f1.a(vector.o)
 .comment       0x0000000000000033       0x34 /mnt/c/Users/Formulatrix/Documents/PyRepo/stm32f1/libopencm3/lib/libopencm3_stm32f1.a(flash_common_all.o)
 .comment       0x0000000000000033       0x34 /mnt/c/Users/Formulatrix/Documents/PyRepo/stm32f1/libopencm3/lib/libopencm3_stm32f1.a(st_usbfs_core.o)
 .comment       0x0000000000000033       0x34 /usr/lib/gcc/arm-none-eabi/10.3.1/../../../arm-none-eabi/lib/thumb/v7-m/nofp/libc.a(lib_a-memmove.o)
 .comment       0x0000000000000033       0x34 /usr/lib/gcc/arm-none-eabi/10.3.1/../../../arm-none-eabi/lib/thumb/v7-m/nofp/libc.a(lib_a-strlen-stub.o)

.ARM.attributes
                0x0000000000000000       0x2b
 .ARM.attributes
                0x0000000000000000       0x2d main.o
 .ARM.attributes
                0x000000000000002d       0x2d rtos/heap_4.o
 .ARM.attributes
                0x000000000000005a       0x2d rtos/list.o
 .ARM.attributes
                0x0000000000000087       0x2d rtos/port.o
 .ARM.attributes
                0x00000000000000b4       0x2d rtos/queue.o
 .ARM.attributes
                0x00000000000000e1       0x2d rtos/tasks.o
 .ARM.attributes
                0x000000000000010e       0x2d rtos/opencm3.o
 .ARM.attributes
                0x000000000000013b       0x1b /usr/lib/gcc/arm-none-eabi/10.3.1/../../../arm-none-eabi/lib/thumb/v7-m/nofp/libc.a(lib_a-memcpy.o)
 .ARM.attributes
                0x0000000000000156       0x2d /mnt/c/Users/Formulatrix/Documents/PyRepo/stm32f1//rtos/libwwg/libwwg.a(usbcdc.o)
 .ARM.attributes
                0x0000000000000183       0x2d /mnt/c/Users/Formulatrix/Documents/PyRepo/stm32f1//rtos/libwwg/libwwg.a(miniprintf.o)
 .ARM.attributes
                0x00000000000001b0       0x2d /mnt/c/Users/Formulatrix/Documents/PyRepo/stm32f1//rtos/libwwg/libwwg.a(mcuio.o)
 .ARM.attributes
                0x00000000000001dd       0x2d /mnt/c/Users/Formulatrix/Documents/PyRepo/stm32f1//rtos/libwwg/libwwg.a(getline.o)
 .ARM.attributes
                0x000000000000020a       0x2d /mnt/c/Users/Formulatrix/Documents/PyRepo/stm32f1//rtos/libwwg/libwwg.a(uartlib.o)
 .ARM.attributes
                0x0000000000000237       0x2d /mnt/c/Users/Formulatrix/Documents/PyRepo/stm32f1/libopencm3/lib/libopencm3_stm32f1.a(gpio.o)
 .ARM.attributes
                0x0000000000000264       0x2d /mnt/c/Users/Formulatrix/Documents/PyRepo/stm32f1/libopencm3/lib/libopencm3_stm32f1.a(gpio_common_all.o)
 .ARM.attributes
                0x0000000000000291       0x2d /mnt/c/Users/Formulatrix/Documents/PyRepo/stm32f1/libopencm3/lib/libopencm3_stm32f1.a(rcc.o)
 .ARM.attributes
                0x00000000000002be       0x2d /mnt/c/Users/Formulatrix/Documents/PyRepo/stm32f1/libopencm3/lib/libopencm3_stm32f1.a(rcc_common_all.o)
 .ARM.attributes
                0x00000000000002eb       0x2d /mnt/c/Users/Formulatrix/Documents/PyRepo/stm32f1/libopencm3/lib/libopencm3_stm32f1.a(usart_common_all.o)
 .ARM.attributes
                0x0000000000000318       0x2d /mnt/c/Users/Formulatrix/Documents/PyRepo/stm32f1/libopencm3/lib/libopencm3_stm32f1.a(usart_common_f124.o)
 .ARM.attributes
                0x0000000000000345       0x2d /mnt/c/Users/Formulatrix/Documents/PyRepo/stm32f1/libopencm3/lib/libopencm3_stm32f1.a(usb.o)
 .ARM.attributes
                0x0000000000000372       0x2d /mnt/c/Users/Formulatrix/Documents/PyRepo/stm32f1/libopencm3/lib/libopencm3_stm32f1.a(usb_control.o)
 .ARM.attributes
                0x000000000000039f       0x2d /mnt/c/Users/Formulatrix/Documents/PyRepo/stm32f1/libopencm3/lib/libopencm3_stm32f1.a(usb_standard.o)
 .ARM.attributes
                0x00000000000003cc       0x2d /mnt/c/Users/Formulatrix/Documents/PyRepo/stm32f1/libopencm3/lib/libopencm3_stm32f1.a(st_usbfs_v1.o)
 .ARM.attributes
                0x00000000000003f9       0x2d /mnt/c/Users/Formulatrix/Documents/PyRepo/stm32f1/libopencm3/lib/libopencm3_stm32f1.a(vector.o)
 .ARM.attributes
                0x0000000000000426       0x2d /mnt/c/Users/Formulatrix/Documents/PyRepo/stm32f1/libopencm3/lib/libopencm3_stm32f1.a(flash_common_all.o)
 .ARM.attributes
                0x0000000000000453       0x2d /mnt/c/Users/Formulatrix/Documents/PyRepo/stm32f1/libopencm3/lib/libopencm3_stm32f1.a(st_usbfs_core.o)
 .ARM.attributes
                0x0000000000000480       0x2d /usr/lib/gcc/arm-none-eabi/10.3.1/../../../arm-none-eabi/lib/thumb/v7-m/nofp/libc.a(lib_a-memmove.o)
 .ARM.attributes
                0x00000000000004ad       0x2d /usr/lib/gcc/arm-none-eabi/10.3.1/../../../arm-none-eabi/lib/thumb/v7-m/nofp/libc.a(lib_a-strlen-stub.o)

.debug_frame    0x0000000000000000     0x1e38
 .debug_frame   0x0000000000000000       0x74 main.o
 .debug_frame   0x0000000000000074       0x98 rtos/heap_4.o
 .debug_frame   0x000000000000010c       0x6c rtos/list.o
 .debug_frame   0x0000000000000178       0xd0 rtos/port.o
 .debug_frame   0x0000000000000248      0x208 rtos/queue.o
 .debug_frame   0x0000000000000450      0x47c rtos/tasks.o
 .debug_frame   0x00000000000008cc       0x40 rtos/opencm3.o
 .debug_frame   0x000000000000090c      0x1b4 /mnt/c/Users/Formulatrix/Documents/PyRepo/stm32f1//rtos/libwwg/libwwg.a(usbcdc.o)
 .debug_frame   0x0000000000000ac0      0x110 /mnt/c/Users/Formulatrix/Documents/PyRepo/stm32f1//rtos/libwwg/libwwg.a(miniprintf.o)
 .debug_frame   0x0000000000000bd0       0x6c /mnt/c/Users/Formulatrix/Documents/PyRepo/stm32f1//rtos/libwwg/libwwg.a(mcuio.o)
 .debug_frame   0x0000000000000c3c       0x3c /mnt/c/Users/Formulatrix/Documents/PyRepo/stm32f1//rtos/libwwg/libwwg.a(getline.o)
 .debug_frame   0x0000000000000c78      0x3a0 /mnt/c/Users/Formulatrix/Documents/PyRepo/stm32f1//rtos/libwwg/libwwg.a(uartlib.o)
 .debug_frame   0x0000000000001018       0x60 /mnt/c/Users/Formulatrix/Documents/PyRepo/stm32f1/libopencm3/lib/libopencm3_stm32f1.a(gpio.o)
 .debug_frame   0x0000000000001078       0x80 /mnt/c/Users/Formulatrix/Documents/PyRepo/stm32f1/libopencm3/lib/libopencm3_stm32f1.a(gpio_common_all.o)
 .debug_frame   0x00000000000010f8      0x318 /mnt/c/Users/Formulatrix/Documents/PyRepo/stm32f1/libopencm3/lib/libopencm3_stm32f1.a(rcc.o)
 .debug_frame   0x0000000000001410       0xe0 /mnt/c/Users/Formulatrix/Documents/PyRepo/stm32f1/libopencm3/lib/libopencm3_stm32f1.a(rcc_common_all.o)
 .debug_frame   0x00000000000014f0      0x1ec /mnt/c/Users/Formulatrix/Documents/PyRepo/stm32f1/libopencm3/lib/libopencm3_stm32f1.a(usart_common_all.o)
 .debug_frame   0x00000000000016dc       0x60 /mnt/c/Users/Formulatrix/Documents/PyRepo/stm32f1/libopencm3/lib/libopencm3_stm32f1.a(usart_common_f124.o)
 .debug_frame   0x000000000000173c      0x14c /mnt/c/Users/Formulatrix/Documents/PyRepo/stm32f1/libopencm3/lib/libopencm3_stm32f1.a(usb.o)
 .debug_frame   0x0000000000001888      0x164 /mnt/c/Users/Formulatrix/Documents/PyRepo/stm32f1/libopencm3/lib/libopencm3_stm32f1.a(usb_control.o)
 .debug_frame   0x00000000000019ec      0x1e4 /mnt/c/Users/Formulatrix/Documents/PyRepo/stm32f1/libopencm3/lib/libopencm3_stm32f1.a(usb_standard.o)
 .debug_frame   0x0000000000001bd0       0x54 /mnt/c/Users/Formulatrix/Documents/PyRepo/stm32f1/libopencm3/lib/libopencm3_stm32f1.a(st_usbfs_v1.o)
 .debug_frame   0x0000000000001c24       0x4c /mnt/c/Users/Formulatrix/Documents/PyRepo/stm32f1/libopencm3/lib/libopencm3_stm32f1.a(vector.o)
 .debug_frame   0x0000000000001c70       0x50 /mnt/c/Users/Formulatrix/Documents/PyRepo/stm32f1/libopencm3/lib/libopencm3_stm32f1.a(flash_common_all.o)
 .debug_frame   0x0000000000001cc0      0x118 /mnt/c/Users/Formulatrix/Documents/PyRepo/stm32f1/libopencm3/lib/libopencm3_stm32f1.a(st_usbfs_core.o)
 .debug_frame   0x0000000000001dd8       0x40 /usr/lib/gcc/arm-none-eabi/10.3.1/../../../arm-none-eabi/lib/thumb/v7-m/nofp/libc.a(lib_a-memmove.o)
 .debug_frame   0x0000000000001e18       0x20 /usr/lib/gcc/arm-none-eabi/10.3.1/../../../arm-none-eabi/lib/thumb/v7-m/nofp/libc.a(lib_a-strlen-stub.o)

.debug_macro    0x0000000000000000     0x4d4e
 .debug_macro   0x0000000000000000       0x6f /mnt/c/Users/Formulatrix/Documents/PyRepo/stm32f1/libopencm3/lib/libopencm3_stm32f1.a(gpio.o)
 .debug_macro   0x000000000000006f      0xa60 /mnt/c/Users/Formulatrix/Documents/PyRepo/stm32f1/libopencm3/lib/libopencm3_stm32f1.a(gpio.o)
 .debug_macro   0x0000000000000acf       0x1c /mnt/c/Users/Formulatrix/Documents/PyRepo/stm32f1/libopencm3/lib/libopencm3_stm32f1.a(gpio.o)
 .debug_macro   0x0000000000000aeb      0x34e /mnt/c/Users/Formulatrix/Documents/PyRepo/stm32f1/libopencm3/lib/libopencm3_stm32f1.a(gpio.o)
 .debug_macro   0x0000000000000e39       0x22 /mnt/c/Users/Formulatrix/Documents/PyRepo/stm32f1/libopencm3/lib/libopencm3_stm32f1.a(gpio.o)
 .debug_macro   0x0000000000000e5b       0xe8 /mnt/c/Users/Formulatrix/Documents/PyRepo/stm32f1/libopencm3/lib/libopencm3_stm32f1.a(gpio.o)
 .debug_macro   0x0000000000000f43       0x76 /mnt/c/Users/Formulatrix/Documents/PyRepo/stm32f1/libopencm3/lib/libopencm3_stm32f1.a(gpio.o)
 .debug_macro   0x0000000000000fb9      0x1b4 /mnt/c/Users/Formulatrix/Documents/PyRepo/stm32f1/libopencm3/lib/libopencm3_stm32f1.a(gpio.o)
 .debug_macro   0x000000000000116d       0x76 /mnt/c/Users/Formulatrix/Documents/PyRepo/stm32f1/libopencm3/lib/libopencm3_stm32f1.a(gpio.o)
 .debug_macro   0x00000000000011e3      0xe2e /mnt/c/Users/Formulatrix/Documents/PyRepo/stm32f1/libopencm3/lib/libopencm3_stm32f1.a(gpio.o)
 .debug_macro   0x0000000000002011       0x6f /mnt/c/Users/Formulatrix/Documents/PyRepo/stm32f1/libopencm3/lib/libopencm3_stm32f1.a(gpio_common_all.o)
 .debug_macro   0x0000000000002080       0x9e /mnt/c/Users/Formulatrix/Documents/PyRepo/stm32f1/libopencm3/lib/libopencm3_stm32f1.a(rcc.o)
 .debug_macro   0x000000000000211e       0x16 /mnt/c/Users/Formulatrix/Documents/PyRepo/stm32f1/libopencm3/lib/libopencm3_stm32f1.a(rcc.o)
 .debug_macro   0x0000000000002134      0x8c6 /mnt/c/Users/Formulatrix/Documents/PyRepo/stm32f1/libopencm3/lib/libopencm3_stm32f1.a(rcc.o)
 .debug_macro   0x00000000000029fa       0xee /mnt/c/Users/Formulatrix/Documents/PyRepo/stm32f1/libopencm3/lib/libopencm3_stm32f1.a(rcc.o)
 .debug_macro   0x0000000000002ae8       0x82 /mnt/c/Users/Formulatrix/Documents/PyRepo/stm32f1/libopencm3/lib/libopencm3_stm32f1.a(rcc.o)
 .debug_macro   0x0000000000002b6a       0x85 /mnt/c/Users/Formulatrix/Documents/PyRepo/stm32f1/libopencm3/lib/libopencm3_stm32f1.a(rcc_common_all.o)
 .debug_macro   0x0000000000002bef       0x91 /mnt/c/Users/Formulatrix/Documents/PyRepo/stm32f1/libopencm3/lib/libopencm3_stm32f1.a(usart_common_all.o)
 .debug_macro   0x0000000000002c80       0x94 /mnt/c/Users/Formulatrix/Documents/PyRepo/stm32f1/libopencm3/lib/libopencm3_stm32f1.a(usart_common_all.o)
 .debug_macro   0x0000000000002d14      0x29e /mnt/c/Users/Formulatrix/Documents/PyRepo/stm32f1/libopencm3/lib/libopencm3_stm32f1.a(usart_common_all.o)
 .debug_macro   0x0000000000002fb2       0x91 /mnt/c/Users/Formulatrix/Documents/PyRepo/stm32f1/libopencm3/lib/libopencm3_stm32f1.a(usart_common_f124.o)
 .debug_macro   0x0000000000003043      0x124 /mnt/c/Users/Formulatrix/Documents/PyRepo/stm32f1/libopencm3/lib/libopencm3_stm32f1.a(usb.o)
 .debug_macro   0x0000000000003167       0x22 /mnt/c/Users/Formulatrix/Documents/PyRepo/stm32f1/libopencm3/lib/libopencm3_stm32f1.a(usb.o)
 .debug_macro   0x0000000000003189       0x52 /mnt/c/Users/Formulatrix/Documents/PyRepo/stm32f1/libopencm3/lib/libopencm3_stm32f1.a(usb.o)
 .debug_macro   0x00000000000031db       0x18 /mnt/c/Users/Formulatrix/Documents/PyRepo/stm32f1/libopencm3/lib/libopencm3_stm32f1.a(usb.o)
 .debug_macro   0x00000000000031f3       0x5c /mnt/c/Users/Formulatrix/Documents/PyRepo/stm32f1/libopencm3/lib/libopencm3_stm32f1.a(usb.o)
 .debug_macro   0x000000000000324f       0x35 /mnt/c/Users/Formulatrix/Documents/PyRepo/stm32f1/libopencm3/lib/libopencm3_stm32f1.a(usb.o)
 .debug_macro   0x0000000000003284       0x34 /mnt/c/Users/Formulatrix/Documents/PyRepo/stm32f1/libopencm3/lib/libopencm3_stm32f1.a(usb.o)
 .debug_macro   0x00000000000032b8      0x16d /mnt/c/Users/Formulatrix/Documents/PyRepo/stm32f1/libopencm3/lib/libopencm3_stm32f1.a(usb.o)
 .debug_macro   0x0000000000003425       0x16 /mnt/c/Users/Formulatrix/Documents/PyRepo/stm32f1/libopencm3/lib/libopencm3_stm32f1.a(usb.o)
 .debug_macro   0x000000000000343b       0x43 /mnt/c/Users/Formulatrix/Documents/PyRepo/stm32f1/libopencm3/lib/libopencm3_stm32f1.a(usb.o)
 .debug_macro   0x000000000000347e       0x57 /mnt/c/Users/Formulatrix/Documents/PyRepo/stm32f1/libopencm3/lib/libopencm3_stm32f1.a(usb.o)
 .debug_macro   0x00000000000034d5       0x34 /mnt/c/Users/Formulatrix/Documents/PyRepo/stm32f1/libopencm3/lib/libopencm3_stm32f1.a(usb.o)
 .debug_macro   0x0000000000003509       0x10 /mnt/c/Users/Formulatrix/Documents/PyRepo/stm32f1/libopencm3/lib/libopencm3_stm32f1.a(usb.o)
 .debug_macro   0x0000000000003519       0x52 /mnt/c/Users/Formulatrix/Documents/PyRepo/stm32f1/libopencm3/lib/libopencm3_stm32f1.a(usb.o)
 .debug_macro   0x000000000000356b      0x182 /mnt/c/Users/Formulatrix/Documents/PyRepo/stm32f1/libopencm3/lib/libopencm3_stm32f1.a(usb.o)
 .debug_macro   0x00000000000036ed      0x356 /mnt/c/Users/Formulatrix/Documents/PyRepo/stm32f1/libopencm3/lib/libopencm3_stm32f1.a(usb.o)
 .debug_macro   0x0000000000003a43       0x10 /mnt/c/Users/Formulatrix/Documents/PyRepo/stm32f1/libopencm3/lib/libopencm3_stm32f1.a(usb.o)
 .debug_macro   0x0000000000003a53       0x35 /mnt/c/Users/Formulatrix/Documents/PyRepo/stm32f1/libopencm3/lib/libopencm3_stm32f1.a(usb.o)
 .debug_macro   0x0000000000003a88      0x19c /mnt/c/Users/Formulatrix/Documents/PyRepo/stm32f1/libopencm3/lib/libopencm3_stm32f1.a(usb.o)
 .debug_macro   0x0000000000003c24       0x10 /mnt/c/Users/Formulatrix/Documents/PyRepo/stm32f1/libopencm3/lib/libopencm3_stm32f1.a(usb.o)
 .debug_macro   0x0000000000003c34       0x1c /mnt/c/Users/Formulatrix/Documents/PyRepo/stm32f1/libopencm3/lib/libopencm3_stm32f1.a(usb.o)
 .debug_macro   0x0000000000003c50      0x132 /mnt/c/Users/Formulatrix/Documents/PyRepo/stm32f1/libopencm3/lib/libopencm3_stm32f1.a(usb_control.o)
 .debug_macro   0x0000000000003d82       0x16 /mnt/c/Users/Formulatrix/Documents/PyRepo/stm32f1/libopencm3/lib/libopencm3_stm32f1.a(usb_control.o)
 .debug_macro   0x0000000000003d98      0x10e /mnt/c/Users/Formulatrix/Documents/PyRepo/stm32f1/libopencm3/lib/libopencm3_stm32f1.a(usb_control.o)
 .debug_macro   0x0000000000003ea6       0x86 /mnt/c/Users/Formulatrix/Documents/PyRepo/stm32f1/libopencm3/lib/libopencm3_stm32f1.a(usb_control.o)
 .debug_macro   0x0000000000003f2c       0x22 /mnt/c/Users/Formulatrix/Documents/PyRepo/stm32f1/libopencm3/lib/libopencm3_stm32f1.a(usb_control.o)
 .debug_macro   0x0000000000003f4e      0x124 /mnt/c/Users/Formulatrix/Documents/PyRepo/stm32f1/libopencm3/lib/libopencm3_stm32f1.a(usb_standard.o)
 .debug_macro   0x0000000000004072       0xc4 /mnt/c/Users/Formulatrix/Documents/PyRepo/stm32f1/libopencm3/lib/libopencm3_stm32f1.a(st_usbfs_v1.o)
 .debug_macro   0x0000000000004136       0x3a /mnt/c/Users/Formulatrix/Documents/PyRepo/stm32f1/libopencm3/lib/libopencm3_stm32f1.a(st_usbfs_v1.o)
 .debug_macro   0x0000000000004170      0x29e /mnt/c/Users/Formulatrix/Documents/PyRepo/stm32f1/libopencm3/lib/libopencm3_stm32f1.a(st_usbfs_v1.o)
 .debug_macro   0x000000000000440e       0x28 /mnt/c/Users/Formulatrix/Documents/PyRepo/stm32f1/libopencm3/lib/libopencm3_stm32f1.a(st_usbfs_v1.o)
 .debug_macro   0x0000000000004436      0x1a2 /mnt/c/Users/Formulatrix/Documents/PyRepo/stm32f1/libopencm3/lib/libopencm3_stm32f1.a(st_usbfs_v1.o)
 .debug_macro   0x00000000000045d8       0x10 /mnt/c/Users/Formulatrix/Documents/PyRepo/stm32f1/libopencm3/lib/libopencm3_stm32f1.a(st_usbfs_v1.o)
 .debug_macro   0x00000000000045e8       0x86 /mnt/c/Users/Formulatrix/Documents/PyRepo/stm32f1/libopencm3/lib/libopencm3_stm32f1.a(vector.o)
 .debug_macro   0x000000000000466e      0x395 /mnt/c/Users/Formulatrix/Documents/PyRepo/stm32f1/libopencm3/lib/libopencm3_stm32f1.a(vector.o)
 .debug_macro   0x0000000000004a03       0x6e /mnt/c/Users/Formulatrix/Documents/PyRepo/stm32f1/libopencm3/lib/libopencm3_stm32f1.a(vector.o)
 .debug_macro   0x0000000000004a71      0x1a2 /mnt/c/Users/Formulatrix/Documents/PyRepo/stm32f1/libopencm3/lib/libopencm3_stm32f1.a(vector.o)
 .debug_macro   0x0000000000004c13       0x77 /mnt/c/Users/Formulatrix/Documents/PyRepo/stm32f1/libopencm3/lib/libopencm3_stm32f1.a(flash_common_all.o)
 .debug_macro   0x0000000000004c8a       0xc4 /mnt/c/Users/Formulatrix/Documents/PyRepo/stm32f1/libopencm3/lib/libopencm3_stm32f1.a(st_usbfs_core.o)
